-- The C compiler identification is GNU 11.4.0
-- The CXX compiler identification is GNU 11.4.0
-- Detecting C compiler ABI info
-- Detecting C compiler ABI info - done
-- Check for working C compiler: /usr/bin/cc - skipped
-- Detecting C compile features
-- Detecting C compile features - done
-- Detecting CXX compiler ABI info
-- Detecting CXX compiler ABI info - done
-- Check for working CXX compiler: /usr/bin/c++ - skipped
-- Detecting CXX compile features
-- Detecting CXX compile features - done
-- Found ament_cmake_auto: 1.3.11 (/opt/ros/humble/share/ament_cmake_auto/cmake)
-- Found Python3: /usr/bin/python3 (found version "3.10.12") found components: Interpreter 
-- Found rosidl_generator_c: 3.1.6 (/opt/ros/humble/share/rosidl_generator_c/cmake)
-- Found rosidl_adapter: 3.1.6 (/opt/ros/humble/share/rosidl_adapter/cmake)
-- Found rosidl_generator_cpp: 3.1.6 (/opt/ros/humble/share/rosidl_generator_cpp/cmake)
-- Using all available rosidl_typesupport_c: rosidl_typesupport_fastrtps_c;rosidl_typesupport_introspection_c
-- Using all available rosidl_typesupport_cpp: rosidl_typesupport_fastrtps_cpp;rosidl_typesupport_introspection_cpp
-- Found rmw_implementation_cmake: 6.1.2 (/opt/ros/humble/share/rmw_implementation_cmake/cmake)
-- Found rmw_fastrtps_cpp: 6.2.7 (/opt/ros/humble/share/rmw_fastrtps_cpp/cmake)
-- Found OpenSSL: /usr/lib/x86_64-linux-gnu/libcrypto.so (found version "3.0.2")  
-- Found FastRTPS: /opt/ros/humble/include  
-- Using RMW implementation 'rmw_fastrtps_cpp' as default
-- Looking for pthread.h
-- Looking for pthread.h - found
-- Performing Test CMAKE_HAVE_LIBC_PTHREAD
-- Performing Test CMAKE_HAVE_LIBC_PTHREAD - Success
-- Found Threads: TRUE  
-- Found eigen3_cmake_module: 0.1.1 (/opt/ros/humble/share/eigen3_cmake_module/cmake)
-- Found Eigen3: TRUE (found version "3.4.0") 
-- Ensuring Eigen3 include directory is part of orocos-kdl CMake target
-- Found ament_lint_auto: 0.12.11 (/opt/ros/humble/share/ament_lint_auto/cmake)
-- Added test 'cppcheck' to perform static code analysis on C / C++ code
-- Configured cppcheck include dirs: /home/shimpei/ros-tcp-endpoint_ws/src/emcl2_ros2/include
-- Configured cppcheck exclude dirs and/or files: 
-- Added test 'flake8' to check Python code syntax and style conventions
-- Added test 'lint_cmake' to check CMake code style
-- Added test 'pep257' to check Python code against some of the docstring style conventions in PEP 257
-- Added test 'uncrustify' to check C / C++ code style
-- Configured uncrustify additional arguments: 
-- Added test 'xmllint' to check XML markup files
-- Configuring done
-- Generating done
-- Build files have been written to: /home/shimpei/ros-tcp-endpoint_ws/src/emcl2_ros2/build/emcl2
[ 20%] [32mBuilding CXX object CMakeFiles/emcl2_node.dir/src/Mcl.cpp.o[0m
[ 20%] [32mBuilding CXX object CMakeFiles/emcl2_node.dir/src/Particle.cpp.o[0m
[ 30%] [32mBuilding CXX object CMakeFiles/emcl2_node.dir/src/Pose.cpp.o[0m
[ 40%] [32mBuilding CXX object CMakeFiles/emcl2_node.dir/src/Scan.cpp.o[0m
[ 50%] [32mBuilding CXX object CMakeFiles/emcl2_node.dir/src/OdomModel.cpp.o[0m
[ 70%] [32mBuilding CXX object CMakeFiles/emcl2_node.dir/src/LikelihoodFieldMap.cpp.o[0m
[ 70%] [32mBuilding CXX object CMakeFiles/emcl2_node.dir/src/ExpResetMcl2.cpp.o[0m
[ 80%] [32mBuilding CXX object CMakeFiles/emcl2_node.dir/src/emcl2_node.cpp.o[0m
In file included from [01m[K/home/shimpei/ros-tcp-endpoint_ws/src/emcl2_ros2/include/emcl2/emcl2_node.h:8[m[K,
                 from [01m[K/home/shimpei/ros-tcp-endpoint_ws/src/emcl2_ros2/src/emcl2_node.cpp:5[m[K:
[01m[K/home/shimpei/ros-tcp-endpoint_ws/src/emcl2_ros2/include/emcl2/ExpResetMcl2.h:13:10:[m[K [01;31m[Kfatal error: [m[Kwall_tracking_msgs/action/wall_tracking.hpp: そのようなファイルやディレクトリはありません
   13 | #include [01;31m[K<wall_tracking_msgs/action/wall_tracking.hpp>[m[K
      |          [01;31m[K^~~~~~~~~~~~~~~~~~~~~~~~~~~~~~~~~~~~~~~~~~~~~[m[K
compilation terminated.
gmake[2]: *** [CMakeFiles/emcl2_node.dir/build.make:174: CMakeFiles/emcl2_node.dir/src/emcl2_node.cpp.o] エラー 1
gmake[2]: *** 未完了のジョブを待っています....
In file included from [01m[K/home/shimpei/ros-tcp-endpoint_ws/src/emcl2_ros2/src/ExpResetMcl2.cpp:4[m[K:
[01m[K/home/shimpei/ros-tcp-endpoint_ws/src/emcl2_ros2/include/emcl2/ExpResetMcl2.h:13:10:[m[K [01;31m[Kfatal error: [m[Kwall_tracking_msgs/action/wall_tracking.hpp: そのようなファイルやディレクトリはありません
   13 | #include [01;31m[K<wall_tracking_msgs/action/wall_tracking.hpp>[m[K
      |          [01;31m[K^~~~~~~~~~~~~~~~~~~~~~~~~~~~~~~~~~~~~~~~~~~~~[m[K
compilation terminated.
gmake[2]: *** [CMakeFiles/emcl2_node.dir/build.make:90: CMakeFiles/emcl2_node.dir/src/ExpResetMcl2.cpp.o] エラー 1
gmake[1]: *** [CMakeFiles/Makefile2:137: CMakeFiles/emcl2_node.dir/all] エラー 2
gmake: *** [Makefile:146: all] エラー 2
