[0.912s] DEBUG:colcon:Command line arguments: ['/usr/bin/colcon', 'list', '-p', '--base-paths', '/home/shimpei/ros-tcp-endpoint_ws/src/emcl2_ros2/src']
[0.913s] DEBUG:colcon:Parsed command line arguments: Namespace(log_base=None, log_level=None, verb_name='list', build_base='build', ignore_user_meta=False, metas=['./colcon.meta'], base_paths=['/home/shimpei/ros-tcp-endpoint_ws/src/emcl2_ros2/src'], packages_ignore=None, packages_ignore_regex=None, paths=None, packages_up_to=None, packages_up_to_regex=None, packages_above=None, packages_above_and_dependencies=None, packages_above_depth=None, packages_select_by_dep=None, packages_skip_by_dep=None, packages_skip_up_to=None, packages_select_build_failed=False, packages_skip_build_finished=False, packages_select_test_failures=False, packages_skip_test_passed=False, packages_select=None, packages_skip=None, packages_select_regex=None, packages_skip_regex=None, packages_start=None, packages_end=None, allow_overriding=[], topological_order=False, names_only=False, paths_only=True, topological_graph=False, topological_graph_dot=False, topological_graph_density=False, topological_graph_legend=False, topological_graph_dot_cluster=False, topological_graph_dot_include_skipped=False, mixin_files=None, mixin=None, verb_parser=<colcon_mixin.mixin.mixin_argument.MixinArgumentDecorator object at 0x7f6bf92947f0>, verb_extension=<colcon_package_information.verb.list.ListVerb object at 0x7f6bf939cc70>, main=<bound method ListVerb.main of <colcon_package_information.verb.list.ListVerb object at 0x7f6bf939cc70>>, mixin_verb=('list',))
[2.576s] Level 1:colcon.colcon_core.package_discovery:discover_packages(colcon_meta) check parameters
[2.577s] Level 1:colcon.colcon_core.package_discovery:discover_packages(recursive) check parameters
[2.577s] Level 1:colcon.colcon_core.package_discovery:discover_packages(ignore) check parameters
[2.577s] Level 1:colcon.colcon_core.package_discovery:discover_packages(path) check parameters
[2.578s] Level 1:colcon.colcon_core.package_discovery:discover_packages(recursive) discover
[2.578s] INFO:colcon.colcon_core.package_discovery:Crawling recursively for packages in '/home/shimpei/ros-tcp-endpoint_ws/src/emcl2_ros2/src'
[2.579s] Level 1:colcon.colcon_core.package_identification:_identify(/home/shimpei/ros-tcp-endpoint_ws/src/emcl2_ros2/src) by extensions ['ignore', 'ignore_ament_install']
[2.580s] Level 1:colcon.colcon_core.package_identification:_identify(/home/shimpei/ros-tcp-endpoint_ws/src/emcl2_ros2/src) by extension 'ignore'
[2.580s] Level 1:colcon.colcon_core.package_identification:_identify(/home/shimpei/ros-tcp-endpoint_ws/src/emcl2_ros2/src) by extension 'ignore_ament_install'
[2.581s] Level 1:colcon.colcon_core.package_identification:_identify(/home/shimpei/ros-tcp-endpoint_ws/src/emcl2_ros2/src) by extensions ['colcon_pkg']
[2.581s] Level 1:colcon.colcon_core.package_identification:_identify(/home/shimpei/ros-tcp-endpoint_ws/src/emcl2_ros2/src) by extension 'colcon_pkg'
[2.582s] Level 1:colcon.colcon_core.package_identification:_identify(/home/shimpei/ros-tcp-endpoint_ws/src/emcl2_ros2/src) by extensions ['colcon_meta']
[2.582s] Level 1:colcon.colcon_core.package_identification:_identify(/home/shimpei/ros-tcp-endpoint_ws/src/emcl2_ros2/src) by extension 'colcon_meta'
[2.583s] Level 1:colcon.colcon_core.package_identification:_identify(/home/shimpei/ros-tcp-endpoint_ws/src/emcl2_ros2/src) by extensions ['ros']
[2.583s] Level 1:colcon.colcon_core.package_identification:_identify(/home/shimpei/ros-tcp-endpoint_ws/src/emcl2_ros2/src) by extension 'ros'
[2.673s] Level 1:colcon.colcon_core.package_identification:_identify(/home/shimpei/ros-tcp-endpoint_ws/src/emcl2_ros2/src) by extensions ['cmake', 'python']
[2.673s] Level 1:colcon.colcon_core.package_identification:_identify(/home/shimpei/ros-tcp-endpoint_ws/src/emcl2_ros2/src) by extension 'cmake'
[2.673s] Level 1:colcon.colcon_core.package_identification:_identify(/home/shimpei/ros-tcp-endpoint_ws/src/emcl2_ros2/src) by extension 'python'
[2.674s] Level 1:colcon.colcon_core.package_identification:_identify(/home/shimpei/ros-tcp-endpoint_ws/src/emcl2_ros2/src) by extensions ['python_setup_py']
[2.674s] Level 1:colcon.colcon_core.package_identification:_identify(/home/shimpei/ros-tcp-endpoint_ws/src/emcl2_ros2/src) by extension 'python_setup_py'
[2.675s] Level 1:colcon.colcon_core.package_identification:_identify(/home/shimpei/ros-tcp-endpoint_ws/src/emcl2_ros2/src/log) by extensions ['ignore', 'ignore_ament_install']
[2.676s] Level 1:colcon.colcon_core.package_identification:_identify(/home/shimpei/ros-tcp-endpoint_ws/src/emcl2_ros2/src/log) by extension 'ignore'
[2.676s] Level 1:colcon.colcon_core.package_identification:_identify(/home/shimpei/ros-tcp-endpoint_ws/src/emcl2_ros2/src/log) ignored
[2.677s] Level 1:colcon.colcon_core.package_discovery:discover_packages(recursive) using defaults
