[0.142s] DEBUG:colcon:Command line arguments: ['/usr/bin/colcon', 'build', '--packages-select', 'emcl2']
[0.143s] DEBUG:colcon:Parsed command line arguments: Namespace(log_base=None, log_level=None, verb_name='build', build_base='build', install_base='install', merge_install=False, symlink_install=False, test_result_base=None, continue_on_error=False, executor='parallel', parallel_workers=8, event_handlers=None, ignore_user_meta=False, metas=['./colcon.meta'], base_paths=['.'], packages_ignore=None, packages_ignore_regex=None, paths=None, packages_up_to=None, packages_up_to_regex=None, packages_above=None, packages_above_and_dependencies=None, packages_above_depth=None, packages_select_by_dep=None, packages_skip_by_dep=None, packages_skip_up_to=None, packages_select_build_failed=False, packages_skip_build_finished=False, packages_select_test_failures=False, packages_skip_test_passed=False, packages_select=['emcl2'], packages_skip=None, packages_select_regex=None, packages_skip_regex=None, packages_start=None, packages_end=None, allow_overriding=[], cmake_args=None, cmake_target=None, cmake_target_skip_unavailable=False, cmake_clean_cache=False, cmake_clean_first=False, cmake_force_configure=False, ament_cmake_args=None, catkin_cmake_args=None, catkin_skip_building_tests=False, mixin_files=None, mixin=None, verb_parser=<colcon_mixin.mixin.mixin_argument.MixinArgumentDecorator object at 0x7b2f43262950>, verb_extension=<colcon_core.verb.build.BuildVerb object at 0x7b2f43262470>, main=<bound method BuildVerb.main of <colcon_core.verb.build.BuildVerb object at 0x7b2f43262470>>, mixin_verb=('build',))
[0.366s] Level 1:colcon.colcon_core.package_discovery:discover_packages(colcon_meta) check parameters
[0.366s] Level 1:colcon.colcon_core.package_discovery:discover_packages(recursive) check parameters
[0.366s] Level 1:colcon.colcon_core.package_discovery:discover_packages(ignore) check parameters
[0.366s] Level 1:colcon.colcon_core.package_discovery:discover_packages(path) check parameters
[0.366s] Level 1:colcon.colcon_core.package_discovery:discover_packages(colcon_meta) discover
[0.366s] Level 1:colcon.colcon_core.package_discovery:discover_packages(recursive) discover
[0.366s] INFO:colcon.colcon_core.package_discovery:Crawling recursively for packages in '/home/shimpei/ros-tcp-endpoint_ws/src/emcl2_ros2'
[0.367s] Level 1:colcon.colcon_core.package_identification:_identify(.) by extensions ['ignore', 'ignore_ament_install']
[0.367s] Level 1:colcon.colcon_core.package_identification:_identify(.) by extension 'ignore'
[0.367s] Level 1:colcon.colcon_core.package_identification:_identify(.) by extension 'ignore_ament_install'
[0.367s] Level 1:colcon.colcon_core.package_identification:_identify(.) by extensions ['colcon_pkg']
[0.367s] Level 1:colcon.colcon_core.package_identification:_identify(.) by extension 'colcon_pkg'
[0.367s] Level 1:colcon.colcon_core.package_identification:_identify(.) by extensions ['colcon_meta']
[0.367s] Level 1:colcon.colcon_core.package_identification:_identify(.) by extension 'colcon_meta'
[0.367s] Level 1:colcon.colcon_core.package_identification:_identify(.) by extensions ['ros']
[0.367s] Level 1:colcon.colcon_core.package_identification:_identify(.) by extension 'ros'
[0.386s] DEBUG:colcon.colcon_core.package_identification:Package '.' with type 'ros.ament_cmake' and name 'emcl2'
[0.386s] Level 1:colcon.colcon_core.package_discovery:discover_packages(recursive) using defaults
[0.386s] Level 1:colcon.colcon_core.package_discovery:discover_packages(ignore) discover
[0.386s] Level 1:colcon.colcon_core.package_discovery:discover_packages(ignore) using defaults
[0.386s] Level 1:colcon.colcon_core.package_discovery:discover_packages(path) discover
[0.386s] Level 1:colcon.colcon_core.package_discovery:discover_packages(path) using defaults
[0.445s] Level 1:colcon.colcon_core.package_discovery:discover_packages(prefix_path) check parameters
[0.445s] Level 1:colcon.colcon_core.package_discovery:discover_packages(prefix_path) discover
[0.455s] DEBUG:colcon.colcon_installed_package_information.package_discovery:Found 1 installed packages in /home/shimpei/gnss_ws/install
[0.457s] DEBUG:colcon.colcon_installed_package_information.package_discovery:Found 7 installed packages in /home/shimpei/raspicat2/install
[0.458s] DEBUG:colcon.colcon_installed_package_information.package_discovery:Found 2 installed packages in /home/shimpei/ros2_ws/install
[0.460s] DEBUG:colcon.colcon_installed_package_information.package_discovery:Found 340 installed packages in /opt/ros/humble
[0.462s] Level 1:colcon.colcon_core.package_discovery:discover_packages(prefix_path) using defaults
[0.537s] Level 5:colcon.colcon_core.verb:set package 'emcl2' build argument 'cmake_args' from command line to 'None'
[0.537s] Level 5:colcon.colcon_core.verb:set package 'emcl2' build argument 'cmake_target' from command line to 'None'
[0.537s] Level 5:colcon.colcon_core.verb:set package 'emcl2' build argument 'cmake_target_skip_unavailable' from command line to 'False'
[0.537s] Level 5:colcon.colcon_core.verb:set package 'emcl2' build argument 'cmake_clean_cache' from command line to 'False'
[0.537s] Level 5:colcon.colcon_core.verb:set package 'emcl2' build argument 'cmake_clean_first' from command line to 'False'
[0.537s] Level 5:colcon.colcon_core.verb:set package 'emcl2' build argument 'cmake_force_configure' from command line to 'False'
[0.537s] Level 5:colcon.colcon_core.verb:set package 'emcl2' build argument 'ament_cmake_args' from command line to 'None'
[0.538s] Level 5:colcon.colcon_core.verb:set package 'emcl2' build argument 'catkin_cmake_args' from command line to 'None'
[0.538s] Level 5:colcon.colcon_core.verb:set package 'emcl2' build argument 'catkin_skip_building_tests' from command line to 'False'
[0.538s] DEBUG:colcon.colcon_core.verb:Building package 'emcl2' with the following arguments: {'ament_cmake_args': None, 'build_base': '/home/shimpei/ros-tcp-endpoint_ws/src/emcl2_ros2/build/emcl2', 'catkin_cmake_args': None, 'catkin_skip_building_tests': False, 'cmake_args': None, 'cmake_clean_cache': False, 'cmake_clean_first': False, 'cmake_force_configure': False, 'cmake_target': None, 'cmake_target_skip_unavailable': False, 'install_base': '/home/shimpei/ros-tcp-endpoint_ws/src/emcl2_ros2/install/emcl2', 'merge_install': False, 'path': '/home/shimpei/ros-tcp-endpoint_ws/src/emcl2_ros2', 'symlink_install': False, 'test_result_base': None}
[0.538s] INFO:colcon.colcon_core.executor:Executing jobs using 'parallel' executor
[0.539s] DEBUG:colcon.colcon_parallel_executor.executor.parallel:run_until_complete
[0.539s] INFO:colcon.colcon_ros.task.ament_cmake.build:Building ROS package in '/home/shimpei/ros-tcp-endpoint_ws/src/emcl2_ros2' with build type 'ament_cmake'
[0.539s] INFO:colcon.colcon_cmake.task.cmake.build:Building CMake package in '/home/shimpei/ros-tcp-endpoint_ws/src/emcl2_ros2'
[0.543s] INFO:colcon.colcon_core.plugin_system:Skipping extension 'colcon_core.shell.bat': Not used on non-Windows systems
[0.543s] INFO:colcon.colcon_core.shell:Skip shell extension 'powershell' for command environment: Not usable outside of PowerShell
[0.543s] DEBUG:colcon.colcon_core.shell:Skip shell extension 'dsv' for command environment
[0.556s] DEBUG:colcon.colcon_core.event_handler.log_command:Invoking command in '/home/shimpei/ros-tcp-endpoint_ws/src/emcl2_ros2/build/emcl2': CMAKE_PREFIX_PATH=${CMAKE_PREFIX_PATH}:/opt/ros/humble /usr/bin/cmake /home/shimpei/ros-tcp-endpoint_ws/src/emcl2_ros2 -DCMAKE_INSTALL_PREFIX=/home/shimpei/ros-tcp-endpoint_ws/src/emcl2_ros2/install/emcl2
[3.233s] DEBUG:colcon.colcon_core.event_handler.log_command:Invoked command in '/home/shimpei/ros-tcp-endpoint_ws/src/emcl2_ros2/build/emcl2' returned '0': CMAKE_PREFIX_PATH=${CMAKE_PREFIX_PATH}:/opt/ros/humble /usr/bin/cmake /home/shimpei/ros-tcp-endpoint_ws/src/emcl2_ros2 -DCMAKE_INSTALL_PREFIX=/home/shimpei/ros-tcp-endpoint_ws/src/emcl2_ros2/install/emcl2
[3.236s] DEBUG:colcon.colcon_core.event_handler.log_command:Invoking command in '/home/shimpei/ros-tcp-endpoint_ws/src/emcl2_ros2/build/emcl2': CMAKE_PREFIX_PATH=${CMAKE_PREFIX_PATH}:/opt/ros/humble /usr/bin/cmake --build /home/shimpei/ros-tcp-endpoint_ws/src/emcl2_ros2/build/emcl2 -- -j8 -l8
[8.546s] DEBUG:colcon.colcon_core.event_handler.log_command:Invoked command in '/home/shimpei/ros-tcp-endpoint_ws/src/emcl2_ros2/build/emcl2' returned '2': CMAKE_PREFIX_PATH=${CMAKE_PREFIX_PATH}:/opt/ros/humble /usr/bin/cmake --build /home/shimpei/ros-tcp-endpoint_ws/src/emcl2_ros2/build/emcl2 -- -j8 -l8
[8.546s] Level 1:colcon.colcon_core.environment:create_environment_scripts_only(emcl2)
[8.551s] Level 1:colcon.colcon_core.environment:checking '/home/shimpei/ros-tcp-endpoint_ws/src/emcl2_ros2/install/emcl2' for CMake module files
[8.551s] Level 1:colcon.colcon_core.environment:checking '/home/shimpei/ros-tcp-endpoint_ws/src/emcl2_ros2/install/emcl2' for CMake config files
[8.551s] Level 1:colcon.colcon_core.environment:checking '/home/shimpei/ros-tcp-endpoint_ws/src/emcl2_ros2/install/emcl2/bin'
[8.552s] Level 1:colcon.colcon_core.environment:checking '/home/shimpei/ros-tcp-endpoint_ws/src/emcl2_ros2/install/emcl2/lib/pkgconfig/emcl2.pc'
[8.552s] Level 1:colcon.colcon_core.environment:checking '/home/shimpei/ros-tcp-endpoint_ws/src/emcl2_ros2/install/emcl2/lib/python3.10/site-packages'
[8.552s] Level 1:colcon.colcon_core.environment:checking '/home/shimpei/ros-tcp-endpoint_ws/src/emcl2_ros2/install/emcl2/bin'
[8.552s] INFO:colcon.colcon_core.shell:Creating package script '/home/shimpei/ros-tcp-endpoint_ws/src/emcl2_ros2/install/emcl2/share/emcl2/package.ps1'
[8.553s] INFO:colcon.colcon_core.shell:Creating package descriptor '/home/shimpei/ros-tcp-endpoint_ws/src/emcl2_ros2/install/emcl2/share/emcl2/package.dsv'
[8.554s] INFO:colcon.colcon_core.shell:Creating package script '/home/shimpei/ros-tcp-endpoint_ws/src/emcl2_ros2/install/emcl2/share/emcl2/package.sh'
[8.555s] INFO:colcon.colcon_core.shell:Creating package script '/home/shimpei/ros-tcp-endpoint_ws/src/emcl2_ros2/install/emcl2/share/emcl2/package.bash'
[8.556s] INFO:colcon.colcon_core.shell:Creating package script '/home/shimpei/ros-tcp-endpoint_ws/src/emcl2_ros2/install/emcl2/share/emcl2/package.zsh'
[8.557s] Level 1:colcon.colcon_core.environment:create_file_with_runtime_dependencies(/home/shimpei/ros-tcp-endpoint_ws/src/emcl2_ros2/install/emcl2/share/colcon-core/packages/emcl2)
[8.567s] DEBUG:colcon.colcon_parallel_executor.executor.parallel:closing loop
[8.568s] DEBUG:colcon.colcon_parallel_executor.executor.parallel:loop closed
[8.568s] DEBUG:colcon.colcon_parallel_executor.executor.parallel:run_until_complete finished with '2'
[8.568s] DEBUG:colcon.colcon_core.event_reactor:joining thread
[8.578s] INFO:colcon.colcon_core.plugin_system:Skipping extension 'colcon_notification.desktop_notification.terminal_notifier': Not used on non-Darwin systems
[8.578s] INFO:colcon.colcon_core.plugin_system:Skipping extension 'colcon_notification.desktop_notification.win32': Not used on non-Windows systems
[8.578s] INFO:colcon.colcon_notification.desktop_notification:Sending desktop notification using 'notify2'
[8.593s] DEBUG:colcon.colcon_core.event_reactor:joined thread
[8.594s] INFO:colcon.colcon_core.shell:Creating prefix script '/home/shimpei/ros-tcp-endpoint_ws/src/emcl2_ros2/install/local_setup.ps1'
[8.595s] INFO:colcon.colcon_core.shell:Creating prefix util module '/home/shimpei/ros-tcp-endpoint_ws/src/emcl2_ros2/install/_local_setup_util_ps1.py'
[8.597s] INFO:colcon.colcon_core.shell:Creating prefix chain script '/home/shimpei/ros-tcp-endpoint_ws/src/emcl2_ros2/install/setup.ps1'
[8.599s] INFO:colcon.colcon_core.shell:Creating prefix script '/home/shimpei/ros-tcp-endpoint_ws/src/emcl2_ros2/install/local_setup.sh'
[8.600s] INFO:colcon.colcon_core.shell:Creating prefix util module '/home/shimpei/ros-tcp-endpoint_ws/src/emcl2_ros2/install/_local_setup_util_sh.py'
[8.601s] INFO:colcon.colcon_core.shell:Creating prefix chain script '/home/shimpei/ros-tcp-endpoint_ws/src/emcl2_ros2/install/setup.sh'
[8.603s] INFO:colcon.colcon_core.shell:Creating prefix script '/home/shimpei/ros-tcp-endpoint_ws/src/emcl2_ros2/install/local_setup.bash'
[8.603s] INFO:colcon.colcon_core.shell:Creating prefix chain script '/home/shimpei/ros-tcp-endpoint_ws/src/emcl2_ros2/install/setup.bash'
[8.606s] INFO:colcon.colcon_core.shell:Creating prefix script '/home/shimpei/ros-tcp-endpoint_ws/src/emcl2_ros2/install/local_setup.zsh'
[8.608s] INFO:colcon.colcon_core.shell:Creating prefix chain script '/home/shimpei/ros-tcp-endpoint_ws/src/emcl2_ros2/install/setup.zsh'
