[0.018s] Invoking command in '/home/shimpei/ros-tcp-endpoint_ws/src/emcl2_ros2/build/emcl2': CMAKE_PREFIX_PATH=${CMAKE_PREFIX_PATH}:/opt/ros/humble /usr/bin/cmake --build /home/shimpei/ros-tcp-endpoint_ws/src/emcl2_ros2/build/emcl2 -- -j8 -l8
[0.075s] [35m[1mConsolidate compiler generated dependencies of target emcl2_node[0m
[0.104s] [ 20%] [32mBuilding CXX object CMakeFiles/emcl2_node.dir/src/emcl2_node.cpp.o[0m
[0.104s] [ 20%] [32mBuilding CXX object CMakeFiles/emcl2_node.dir/src/ExpResetMcl2.cpp.o[0m
[0.105s] [ 30%] [32mBuilding CXX object CMakeFiles/emcl2_node.dir/src/GnssUtil.cpp.o[0m
[0.696s] In file included from [01m[K/home/shimpei/ros-tcp-endpoint_ws/src/emcl2_ros2/include/emcl2/emcl2_node.h:8[m[K,
[0.696s]                  from [01m[K/home/shimpei/ros-tcp-endpoint_ws/src/emcl2_ros2/src/emcl2_node.cpp:5[m[K:
[0.696s] [01m[K/home/shimpei/ros-tcp-endpoint_ws/src/emcl2_ros2/include/emcl2/ExpResetMcl2.h:13:10:[m[K [01;31m[Kfatal error: [m[Kwall_tracking_msgs/action/wall_tracking.hpp: そのようなファイルやディレクトリはありません
[0.696s]    13 | #include [01;31m[K<wall_tracking_msgs/action/wall_tracking.hpp>[m[K
[0.697s]       |          [01;31m[K^~~~~~~~~~~~~~~~~~~~~~~~~~~~~~~~~~~~~~~~~~~~~[m[K
[0.697s] compilation terminated.
[0.708s] gmake[2]: *** [CMakeFiles/emcl2_node.dir/build.make:174: CMakeFiles/emcl2_node.dir/src/emcl2_node.cpp.o] エラー 1
[0.708s] gmake[2]: *** 未完了のジョブを待っています....
[0.731s] In file included from [01m[K/home/shimpei/ros-tcp-endpoint_ws/src/emcl2_ros2/src/ExpResetMcl2.cpp:4[m[K:
[0.731s] [01m[K/home/shimpei/ros-tcp-endpoint_ws/src/emcl2_ros2/include/emcl2/ExpResetMcl2.h:13:10:[m[K [01;31m[Kfatal error: [m[Kwall_tracking_msgs/action/wall_tracking.hpp: そのようなファイルやディレクトリはありません
[0.731s]    13 | #include [01;31m[K<wall_tracking_msgs/action/wall_tracking.hpp>[m[K
[0.731s]       |          [01;31m[K^~~~~~~~~~~~~~~~~~~~~~~~~~~~~~~~~~~~~~~~~~~~~[m[K
[0.731s] compilation terminated.
[0.737s] gmake[2]: *** [CMakeFiles/emcl2_node.dir/build.make:90: CMakeFiles/emcl2_node.dir/src/ExpResetMcl2.cpp.o] エラー 1
[5.882s] gmake[1]: *** [CMakeFiles/Makefile2:137: CMakeFiles/emcl2_node.dir/all] エラー 2
[5.883s] gmake: *** [Makefile:146: all] エラー 2
[5.886s] Invoked command in '/home/shimpei/ros-tcp-endpoint_ws/src/emcl2_ros2/build/emcl2' returned '2': CMAKE_PREFIX_PATH=${CMAKE_PREFIX_PATH}:/opt/ros/humble /usr/bin/cmake --build /home/shimpei/ros-tcp-endpoint_ws/src/emcl2_ros2/build/emcl2 -- -j8 -l8
