[35m[1mConsolidate compiler generated dependencies of target emcl2_node[0m
[ 20%] [32mBuilding CXX object CMakeFiles/emcl2_node.dir/src/emcl2_node.cpp.o[0m
[ 20%] [32mBuilding CXX object CMakeFiles/emcl2_node.dir/src/ExpResetMcl2.cpp.o[0m
In file included from [01m[K/home/shimpei/ros-tcp-endpoint_ws/src/emcl2_ros2/include/emcl2/emcl2_node.h:8[m[K,
                 from [01m[K/home/shimpei/ros-tcp-endpoint_ws/src/emcl2_ros2/src/emcl2_node.cpp:5[m[K:
[01m[K/home/shimpei/ros-tcp-endpoint_ws/src/emcl2_ros2/include/emcl2/ExpResetMcl2.h:17:28:[m[K [01;31m[Kerror: [m[K‘[01m[Kwall_tracking_msgs[m[K’ does not name a type
   17 | using WallTrackingAction = [01;31m[Kwall_tracking_msgs[m[K::action::WallTracking;
      |                            [01;31m[K^~~~~~~~~~~~~~~~~~[m[K
[01m[K/home/shimpei/ros-tcp-endpoint_ws/src/emcl2_ros2/include/emcl2/ExpResetMcl2.h:18:64:[m[K [01;31m[Kerror: [m[K‘[01m[KWallTrackingAction[m[K’ was not declared in this scope
   18 | using GoalHandleWallTracking = rclcpp_action::ClientGoalHandle<[01;31m[KWallTrackingAction[m[K>;
      |                                                                [01;31m[K^~~~~~~~~~~~~~~~~~[m[K
[01m[K/home/shimpei/ros-tcp-endpoint_ws/src/emcl2_ros2/include/emcl2/ExpResetMcl2.h:18:82:[m[K [01;31m[Kerror: [m[Ktemplate argument 1 is invalid
   18 | using GoalHandleWallTracking = rclcpp_action::ClientGoalHandle<WallTrackingAction[01;31m[K>[m[K;
      |                                                                                  [01;31m[K^[m[K
[01m[K/home/shimpei/ros-tcp-endpoint_ws/src/emcl2_ros2/include/emcl2/ExpResetMcl2.h:32:33:[m[K [01;31m[Kerror: [m[K‘[01m[KWallTrackingAction[m[K’ was not declared in this scope
   32 |           rclcpp_action::Client<[01;31m[KWallTrackingAction[m[K>::SharedPtr wt_client,
      |                                 [01;31m[K^~~~~~~~~~~~~~~~~~[m[K
[01m[K/home/shimpei/ros-tcp-endpoint_ws/src/emcl2_ros2/include/emcl2/ExpResetMcl2.h:32:51:[m[K [01;31m[Kerror: [m[Ktemplate argument 1 is invalid
   32 |           rclcpp_action::Client<WallTrackingAction[01;31m[K>[m[K::SharedPtr wt_client,
      |                                                   [01;31m[K^[m[K
[01m[K/home/shimpei/ros-tcp-endpoint_ws/src/emcl2_ros2/include/emcl2/ExpResetMcl2.h:32:64:[m[K [01;31m[Kerror: [m[Kexpected ‘[01m[K,[m[K’ or ‘[01m[K...[m[K’ before ‘[01m[Kwt_client[m[K’
   32 |           rclcpp_action::Client<WallTrackingAction>::SharedPtr [01;31m[Kwt_client[m[K,
      |                                                                [01;31m[K^~~~~~~~~[m[K
In file included from [01m[K/home/shimpei/ros-tcp-endpoint_ws/src/emcl2_ros2/src/ExpResetMcl2.cpp:4[m[K:
[01m[K/home/shimpei/ros-tcp-endpoint_ws/src/emcl2_ros2/include/emcl2/ExpResetMcl2.h:17:28:[m[K [01;31m[Kerror: [m[K‘[01m[Kwall_tracking_msgs[m[K’ does not name a type
   17 | using WallTrackingAction = [01;31m[Kwall_tracking_msgs[m[K::action::WallTracking;
      |                            [01;31m[K^~~~~~~~~~~~~~~~~~[m[K
[01m[K/home/shimpei/ros-tcp-endpoint_ws/src/emcl2_ros2/include/emcl2/ExpResetMcl2.h:58:31:[m[K [01;31m[Kerror: [m[K‘[01m[KWallTrackingAction[m[K’ was not declared in this scope
   58 |         rclcpp_action::Client<[01;31m[KWallTrackingAction[m[K>::SharedPtr wt_client_;
      |                               [01;31m[K^~~~~~~~~~~~~~~~~~[m[K
[01m[K/home/shimpei/ros-tcp-endpoint_ws/src/emcl2_ros2/include/emcl2/ExpResetMcl2.h:58:49:[m[K [01;31m[Kerror: [m[Ktemplate argument 1 is invalid
   58 |         rclcpp_action::Client<WallTrackingAction[01;31m[K>[m[K::SharedPtr wt_client_;
      |                                                 [01;31m[K^[m[K
[01m[K/home/shimpei/ros-tcp-endpoint_ws/src/emcl2_ros2/include/emcl2/ExpResetMcl2.h:18:64:[m[K [01;31m[Kerror: [m[K‘[01m[KWallTrackingAction[m[K’ was not declared in this scope
   18 | using GoalHandleWallTracking = rclcpp_action::ClientGoalHandle<[01;31m[KWallTrackingAction[m[K>;
      |                                                                [01;31m[K^~~~~~~~~~~~~~~~~~[m[K
[01m[K/home/shimpei/ros-tcp-endpoint_ws/src/emcl2_ros2/include/emcl2/ExpResetMcl2.h:18:82:[m[K [01;31m[Kerror: [m[Ktemplate argument 1 is invalid
   18 | using GoalHandleWallTracking = rclcpp_action::ClientGoalHandle<WallTrackingAction[01;31m[K>[m[K;
      |                                                                                  [01;31m[K^[m[K
[01m[K/home/shimpei/ros-tcp-endpoint_ws/src/emcl2_ros2/include/emcl2/ExpResetMcl2.h:58:52:[m[K [01;31m[Kerror: [m[Kexpected ‘[01m[K;[m[K’ at end of member declaration
   58 |         rclcpp_action::Client<WallTrackingAction>::[01;31m[KSharedPtr[m[K wt_client_;
      |                                                    [01;31m[K^~~~~~~~~[m[K
      |                                                             [32m[K;[m[K
[01m[K/home/shimpei/ros-tcp-endpoint_ws/src/emcl2_ros2/include/emcl2/ExpResetMcl2.h:58:62:[m[K [01;31m[Kerror: [m[K‘[01m[Kwt_client_[m[K’ does not name a type; did you mean ‘[01m[Krmw_client_t[m[K’?
   58 |         rclcpp_action::Client<WallTrackingAction>::SharedPtr [01;31m[Kwt_client_[m[K;
      |                                                              [01;31m[K^~~~~~~~~~[m[K
      |                                                              [32m[Krmw_client_t[m[K
[01m[K/home/shimpei/ros-tcp-endpoint_ws/src/emcl2_ros2/include/emcl2/ExpResetMcl2.h:32:33:[m[K [01;31m[Kerror: [m[K‘[01m[KWallTrackingAction[m[K’ was not declared in this scope
   32 |           rclcpp_action::Client<[01;31m[KWallTrackingAction[m[K>::SharedPtr wt_client,
      |                                 [01;31m[K^~~~~~~~~~~~~~~~~~[m[K
[01m[K/home/shimpei/ros-tcp-endpoint_ws/src/emcl2_ros2/include/emcl2/ExpResetMcl2.h:32:51:[m[K [01;31m[Kerror: [m[Ktemplate argument 1 is invalid
   32 |           rclcpp_action::Client<WallTrackingAction[01;31m[K>[m[K::SharedPtr wt_client,
      |                                                   [01;31m[K^[m[K
[01m[K/home/shimpei/ros-tcp-endpoint_ws/src/emcl2_ros2/include/emcl2/ExpResetMcl2.h:32:64:[m[K [01;31m[Kerror: [m[Kexpected ‘[01m[K,[m[K’ or ‘[01m[K...[m[K’ before ‘[01m[Kwt_client[m[K’
   32 |           rclcpp_action::Client<WallTrackingAction>::SharedPtr [01;31m[Kwt_client[m[K,
      |                                                                [01;31m[K^~~~~~~~~[m[K
[01m[K/home/shimpei/ros-tcp-endpoint_ws/src/emcl2_ros2/include/emcl2/ExpResetMcl2.h:59:31:[m[K [01;31m[Kerror: [m[K‘[01m[KWallTrackingAction[m[K’ was not declared in this scope
   59 |         rclcpp_action::Client<[01;31m[KWallTrackingAction[m[K>::SendGoalOptions send_goal_options_;
      |                               [01;31m[K^~~~~~~~~~~~~~~~~~[m[K
[01m[K/home/shimpei/ros-tcp-endpoint_ws/src/emcl2_ros2/include/emcl2/ExpResetMcl2.h:59:49:[m[K [01;31m[Kerror: [m[Ktemplate argument 1 is invalid
   59 |         rclcpp_action::Client<WallTrackingAction[01;31m[K>[m[K::SendGoalOptions send_goal_options_;
      |                                                 [01;31m[K^[m[K
[01m[K/home/shimpei/ros-tcp-endpoint_ws/src/emcl2_ros2/include/emcl2/ExpResetMcl2.h:59:52:[m[K [01;31m[Kerror: [m[Kexpected ‘[01m[K;[m[K’ at end of member declaration
   59 |         rclcpp_action::Client<WallTrackingAction>::[01;31m[KSendGoalOptions[m[K send_goal_options_;
      |                                                    [01;31m[K^~~~~~~~~~~~~~~[m[K
      |                                                                   [32m[K;[m[K
[01m[K/home/shimpei/ros-tcp-endpoint_ws/src/emcl2_ros2/include/emcl2/ExpResetMcl2.h:59:68:[m[K [01;31m[Kerror: [m[K‘[01m[Ksend_goal_options_[m[K’ does not name a type
   59 |         rclcpp_action::Client<WallTrackingAction>::SendGoalOptions [01;31m[Ksend_goal_options_[m[K;
      |                                                                    [01;31m[K^~~~~~~~~~~~~~~~~~[m[K
[01m[K/home/shimpei/ros-tcp-endpoint_ws/src/emcl2_ros2/include/emcl2/ExpResetMcl2.h:58:31:[m[K [01;31m[Kerror: [m[K‘[01m[KWallTrackingAction[m[K’ was not declared in this scope
   58 |         rclcpp_action::Client<[01;31m[KWallTrackingAction[m[K>::SharedPtr wt_client_;
      |                               [01;31m[K^~~~~~~~~~~~~~~~~~[m[K
[01m[K/home/shimpei/ros-tcp-endpoint_ws/src/emcl2_ros2/include/emcl2/ExpResetMcl2.h:58:49:[m[K [01;31m[Kerror: [m[Ktemplate argument 1 is invalid
   58 |         rclcpp_action::Client<WallTrackingAction[01;31m[K>[m[K::SharedPtr wt_client_;
      |                                                 [01;31m[K^[m[K
[01m[K/home/shimpei/ros-tcp-endpoint_ws/src/emcl2_ros2/include/emcl2/ExpResetMcl2.h:58:52:[m[K [01;31m[Kerror: [m[Kexpected ‘[01m[K;[m[K’ at end of member declaration
   58 |         rclcpp_action::Client<WallTrackingAction>::[01;31m[KSharedPtr[m[K wt_client_;
      |                                                    [01;31m[K^~~~~~~~~[m[K
      |                                                             [32m[K;[m[K
[01m[K/home/shimpei/ros-tcp-endpoint_ws/src/emcl2_ros2/include/emcl2/ExpResetMcl2.h:63:41:[m[K [01;31m[Kerror: [m[K‘[01m[KGoalHandleWallTracking[m[K’ does not name a type
   63 |         void goalResponseCallback(const [01;31m[KGoalHandleWallTracking[m[K::SharedPtr & goal_handle);
      |                                         [01;31m[K^~~~~~~~~~~~~~~~~~~~~~[m[K
[01m[K/home/shimpei/ros-tcp-endpoint_ws/src/emcl2_ros2/include/emcl2/ExpResetMcl2.h:63:75:[m[K [01;31m[Kerror: [m[Kexpected unqualified-id before ‘[01m[K&[m[K’ token
   63 |         void goalResponseCallback(const GoalHandleWallTracking::SharedPtr [01;31m[K&[m[K goal_handle);
      |                                                                           [01;31m[K^[m[K
[01m[K/home/shimpei/ros-tcp-endpoint_ws/src/emcl2_ros2/include/emcl2/ExpResetMcl2.h:63:74:[m[K [01;31m[Kerror: [m[Kexpected ‘[01m[K)[m[K’ before ‘[01m[K&[m[K’ token
   63 |         void goalResponseCallback[34m[K([m[Kconst GoalHandleWallTracking::SharedPtr[01;31m[K [m[K[32m[K&[m[K goal_handle);
      |                                  [34m[K~[m[K                                       [01;31m[K^[m[K[32m[K~[m[K
      |                                                                          [32m[K)[m[K
[01m[K/home/shimpei/ros-tcp-endpoint_ws/src/emcl2_ros2/include/emcl2/ExpResetMcl2.h:63:75:[m[K [01;31m[Kerror: [m[Kexpected ‘[01m[K;[m[K’ at end of member declaration
   63 |         void goalResponseCallback(const GoalHandleWallTracking::SharedPtr [01;31m[K&[m[K goal_handle);
      |                                                                           [01;31m[K^[m[K
      |                                                                            [32m[K;[m[K
[01m[K/home/shimpei/ros-tcp-endpoint_ws/src/emcl2_ros2/include/emcl2/ExpResetMcl2.h:58:62:[m[K [01;31m[Kerror: [m[K‘[01m[Kwt_client_[m[K’ does not name a type; did you mean ‘[01m[Krmw_client_t[m[K’?
   58 |         rclcpp_action::Client<WallTrackingAction>::SharedPtr [01;31m[Kwt_client_[m[K;
      |                                                              [01;31m[K^~~~~~~~~~[m[K
      |                                                              [32m[Krmw_client_t[m[K
[01m[K/home/shimpei/ros-tcp-endpoint_ws/src/emcl2_ros2/include/emcl2/ExpResetMcl2.h:63:77:[m[K [01;31m[Kerror: [m[K‘[01m[Kgoal_handle[m[K’ does not name a type
   63 |         void goalResponseCallback(const GoalHandleWallTracking::SharedPtr & [01;31m[Kgoal_handle[m[K);
      |                                                                             [01;31m[K^~~~~~~~~~~[m[K
[01m[K/home/shimpei/ros-tcp-endpoint_ws/src/emcl2_ros2/include/emcl2/ExpResetMcl2.h:65:35:[m[K [01;31m[Kerror: [m[K‘[01m[KGoalHandleWallTracking[m[K’ has not been declared
   65 |         [[maybe_unused]] typename [01;31m[KGoalHandleWallTracking[m[K::SharedPtr,
      |                                   [01;31m[K^~~~~~~~~~~~~~~~~~~~~~[m[K
[01m[K/home/shimpei/ros-tcp-endpoint_ws/src/emcl2_ros2/include/emcl2/ExpResetMcl2.h:66:91:[m[K [01;31m[Kerror: [m[Ktemplate argument 1 is invalid
   66 |         [[maybe_unused]] const std::shared_ptr<const typename WallTrackingAction::Feedback[01;31m[K>[m[K feedback);
      |                                                                                           [01;31m[K^[m[K
[01m[K/home/shimpei/ros-tcp-endpoint_ws/src/emcl2_ros2/include/emcl2/ExpResetMcl2.h:66:91:[m[K [01;31m[Kerror: [m[Ktemplate argument 1 is invalid
[01m[K/home/shimpei/ros-tcp-endpoint_ws/src/emcl2_ros2/include/emcl2/ExpResetMcl2.h:66:91:[m[K [01;31m[Kerror: [m[Ktemplate argument 1 is invalid
[01m[K/home/shimpei/ros-tcp-endpoint_ws/src/emcl2_ros2/include/emcl2/ExpResetMcl2.h:66:32:[m[K [01;31m[Kerror: [m[Kinvalid template-id
   66 |         [[maybe_unused]] const [01;31m[Kstd[m[K::shared_ptr<const typename WallTrackingAction::Feedback> feedback);
      |                                [01;31m[K^~~[m[K
[01m[K/home/shimpei/ros-tcp-endpoint_ws/src/emcl2_ros2/include/emcl2/ExpResetMcl2.h:66:48:[m[K [01;31m[Kerror: [m[Kexpected primary-expression before ‘[01m[Kconst[m[K’
   66 |         [[maybe_unused]] const std::shared_ptr<[01;31m[Kconst[m[K typename WallTrackingAction::Feedback> feedback);
      |                                                [01;31m[K^~~~~[m[K
[01m[K/home/shimpei/ros-tcp-endpoint_ws/src/emcl2_ros2/include/emcl2/ExpResetMcl2.h:66:48:[m[K [01;31m[Kerror: [m[Kexpected ‘[01m[K>[m[K’ before ‘[01m[Kconst[m[K’
[01m[K/home/shimpei/ros-tcp-endpoint_ws/src/emcl2_ros2/include/emcl2/ExpResetMcl2.h:66:26:[m[K [01;31m[Kerror: [m[Kclass template placeholder ‘[01m[Kstd::shared_ptr[m[K’ not permitted in this context
   66 |         [[maybe_unused]] [01;31m[Kconst[m[K std::shared_ptr<const typename WallTrackingAction::Feedback> feedback);
      |                          [01;31m[K^~~~~[m[K
[01m[K/home/shimpei/ros-tcp-endpoint_ws/src/emcl2_ros2/include/emcl2/ExpResetMcl2.h:67:31:[m[K [01;31m[Kerror: [m[K‘[01m[KGoalHandleWallTracking[m[K’ does not name a type
   67 |     void resultCallback(const [01;31m[KGoalHandleWallTracking[m[K::WrappedResult & result);
      |                               [01;31m[K^~~~~~~~~~~~~~~~~~~~~~[m[K
[01m[K/home/shimpei/ros-tcp-endpoint_ws/src/emcl2_ros2/include/emcl2/ExpResetMcl2.h:67:69:[m[K [01;31m[Kerror: [m[Kexpected unqualified-id before ‘[01m[K&[m[K’ token
   67 |     void resultCallback(const GoalHandleWallTracking::WrappedResult [01;31m[K&[m[K result);
      |                                                                     [01;31m[K^[m[K
[01m[K/home/shimpei/ros-tcp-endpoint_ws/src/emcl2_ros2/include/emcl2/ExpResetMcl2.h:67:68:[m[K [01;31m[Kerror: [m[Kexpected ‘[01m[K)[m[K’ before ‘[01m[K&[m[K’ token
   67 |     void resultCallback[34m[K([m[Kconst GoalHandleWallTracking::WrappedResult[01;31m[K [m[K[32m[K&[m[K result);
      |                        [34m[K~[m[K                                           [01;31m[K^[m[K[32m[K~[m[K
      |                                                                    [32m[K)[m[K
[01m[K/home/shimpei/ros-tcp-endpoint_ws/src/emcl2_ros2/include/emcl2/ExpResetMcl2.h:67:69:[m[K [01;31m[Kerror: [m[Kexpected ‘[01m[K;[m[K’ at end of member declaration
   67 |     void resultCallback(const GoalHandleWallTracking::WrappedResult [01;31m[K&[m[K result);
      |                                                                     [01;31m[K^[m[K
      |                                                                      [32m[K;[m[K
[01m[K/home/shimpei/ros-tcp-endpoint_ws/src/emcl2_ros2/include/emcl2/ExpResetMcl2.h:67:71:[m[K [01;31m[Kerror: [m[K‘[01m[Kresult[m[K’ does not name a type
   67 |     void resultCallback(const GoalHandleWallTracking::WrappedResult & [01;31m[Kresult[m[K);
      |                                                                       [01;31m[K^~~~~~[m[K
[01m[K/home/shimpei/ros-tcp-endpoint_ws/src/emcl2_ros2/include/emcl2/ExpResetMcl2.h:59:31:[m[K [01;31m[Kerror: [m[K‘[01m[KWallTrackingAction[m[K’ was not declared in this scope
   59 |         rclcpp_action::Client<[01;31m[KWallTrackingAction[m[K>::SendGoalOptions send_goal_options_;
      |                               [01;31m[K^~~~~~~~~~~~~~~~~~[m[K
[01m[K/home/shimpei/ros-tcp-endpoint_ws/src/emcl2_ros2/include/emcl2/ExpResetMcl2.h:59:49:[m[K [01;31m[Kerror: [m[Ktemplate argument 1 is invalid
   59 |         rclcpp_action::Client<WallTrackingAction[01;31m[K>[m[K::SendGoalOptions send_goal_options_;
      |                                                 [01;31m[K^[m[K
[01m[K/home/shimpei/ros-tcp-endpoint_ws/src/emcl2_ros2/include/emcl2/ExpResetMcl2.h:59:52:[m[K [01;31m[Kerror: [m[Kexpected ‘[01m[K;[m[K’ at end of member declaration
   59 |         rclcpp_action::Client<WallTrackingAction>::[01;31m[KSendGoalOptions[m[K send_goal_options_;
      |                                                    [01;31m[K^~~~~~~~~~~~~~~[m[K
      |                                                                   [32m[K;[m[K
[01m[K/home/shimpei/ros-tcp-endpoint_ws/src/emcl2_ros2/include/emcl2/ExpResetMcl2.h:59:68:[m[K [01;31m[Kerror: [m[K‘[01m[Ksend_goal_options_[m[K’ does not name a type
   59 |         rclcpp_action::Client<WallTrackingAction>::SendGoalOptions [01;31m[Ksend_goal_options_[m[K;
      |                                                                    [01;31m[K^~~~~~~~~~~~~~~~~~[m[K
[01m[K/home/shimpei/ros-tcp-endpoint_ws/src/emcl2_ros2/include/emcl2/ExpResetMcl2.h:63:41:[m[K [01;31m[Kerror: [m[K‘[01m[KGoalHandleWallTracking[m[K’ does not name a type
   63 |         void goalResponseCallback(const [01;31m[KGoalHandleWallTracking[m[K::SharedPtr & goal_handle);
      |                                         [01;31m[K^~~~~~~~~~~~~~~~~~~~~~[m[K
[01m[K/home/shimpei/ros-tcp-endpoint_ws/src/emcl2_ros2/include/emcl2/ExpResetMcl2.h:63:75:[m[K [01;31m[Kerror: [m[Kexpected unqualified-id before ‘[01m[K&[m[K’ token
   63 |         void goalResponseCallback(const GoalHandleWallTracking::SharedPtr [01;31m[K&[m[K goal_handle);
      |                                                                           [01;31m[K^[m[K
[01m[K/home/shimpei/ros-tcp-endpoint_ws/src/emcl2_ros2/include/emcl2/ExpResetMcl2.h:63:74:[m[K [01;31m[Kerror: [m[Kexpected ‘[01m[K)[m[K’ before ‘[01m[K&[m[K’ token
   63 |         void goalResponseCallback[34m[K([m[Kconst GoalHandleWallTracking::SharedPtr[01;31m[K [m[K[32m[K&[m[K goal_handle);
      |                                  [34m[K~[m[K                                       [01;31m[K^[m[K[32m[K~[m[K
      |                                                                          [32m[K)[m[K
[01m[K/home/shimpei/ros-tcp-endpoint_ws/src/emcl2_ros2/include/emcl2/ExpResetMcl2.h:63:75:[m[K [01;31m[Kerror: [m[Kexpected ‘[01m[K;[m[K’ at end of member declaration
   63 |         void goalResponseCallback(const GoalHandleWallTracking::SharedPtr [01;31m[K&[m[K goal_handle);
      |                                                                           [01;31m[K^[m[K
      |                                                                            [32m[K;[m[K
[01m[K/home/shimpei/ros-tcp-endpoint_ws/src/emcl2_ros2/include/emcl2/ExpResetMcl2.h:63:77:[m[K [01;31m[Kerror: [m[K‘[01m[Kgoal_handle[m[K’ does not name a type
   63 |         void goalResponseCallback(const GoalHandleWallTracking::SharedPtr & [01;31m[Kgoal_handle[m[K);
      |                                                                             [01;31m[K^~~~~~~~~~~[m[K
[01m[K/home/shimpei/ros-tcp-endpoint_ws/src/emcl2_ros2/include/emcl2/ExpResetMcl2.h:65:35:[m[K [01;31m[Kerror: [m[K‘[01m[KGoalHandleWallTracking[m[K’ has not been declared
   65 |         [[maybe_unused]] typename [01;31m[KGoalHandleWallTracking[m[K::SharedPtr,
      |                                   [01;31m[K^~~~~~~~~~~~~~~~~~~~~~[m[K
[01m[K/home/shimpei/ros-tcp-endpoint_ws/src/emcl2_ros2/include/emcl2/ExpResetMcl2.h:66:91:[m[K [01;31m[Kerror: [m[Ktemplate argument 1 is invalid
   66 |         [[maybe_unused]] const std::shared_ptr<const typename WallTrackingAction::Feedback[01;31m[K>[m[K feedback);
      |                                                                                           [01;31m[K^[m[K
[01m[K/home/shimpei/ros-tcp-endpoint_ws/src/emcl2_ros2/include/emcl2/ExpResetMcl2.h:66:91:[m[K [01;31m[Kerror: [m[Ktemplate argument 1 is invalid
[01m[K/home/shimpei/ros-tcp-endpoint_ws/src/emcl2_ros2/include/emcl2/ExpResetMcl2.h:66:91:[m[K [01;31m[Kerror: [m[Ktemplate argument 1 is invalid
[01m[K/home/shimpei/ros-tcp-endpoint_ws/src/emcl2_ros2/include/emcl2/ExpResetMcl2.h:66:32:[m[K [01;31m[Kerror: [m[Kinvalid template-id
   66 |         [[maybe_unused]] const [01;31m[Kstd[m[K::shared_ptr<const typename WallTrackingAction::Feedback> feedback);
      |                                [01;31m[K^~~[m[K
[01m[K/home/shimpei/ros-tcp-endpoint_ws/src/emcl2_ros2/include/emcl2/ExpResetMcl2.h:66:48:[m[K [01;31m[Kerror: [m[Kexpected primary-expression before ‘[01m[Kconst[m[K’
   66 |         [[maybe_unused]] const std::shared_ptr<[01;31m[Kconst[m[K typename WallTrackingAction::Feedback> feedback);
      |                                                [01;31m[K^~~~~[m[K
[01m[K/home/shimpei/ros-tcp-endpoint_ws/src/emcl2_ros2/include/emcl2/ExpResetMcl2.h:66:48:[m[K [01;31m[Kerror: [m[Kexpected ‘[01m[K>[m[K’ before ‘[01m[Kconst[m[K’
[01m[K/home/shimpei/ros-tcp-endpoint_ws/src/emcl2_ros2/include/emcl2/ExpResetMcl2.h:66:26:[m[K [01;31m[Kerror: [m[Kclass template placeholder ‘[01m[Kstd::shared_ptr[m[K’ not permitted in this context
   66 |         [[maybe_unused]] [01;31m[Kconst[m[K std::shared_ptr<const typename WallTrackingAction::Feedback> feedback);
      |                          [01;31m[K^~~~~[m[K
[01m[K/home/shimpei/ros-tcp-endpoint_ws/src/emcl2_ros2/include/emcl2/ExpResetMcl2.h:67:31:[m[K [01;31m[Kerror: [m[K‘[01m[KGoalHandleWallTracking[m[K’ does not name a type
   67 |     void resultCallback(const [01;31m[KGoalHandleWallTracking[m[K::WrappedResult & result);
      |                               [01;31m[K^~~~~~~~~~~~~~~~~~~~~~[m[K
[01m[K/home/shimpei/ros-tcp-endpoint_ws/src/emcl2_ros2/include/emcl2/ExpResetMcl2.h:67:69:[m[K [01;31m[Kerror: [m[Kexpected unqualified-id before ‘[01m[K&[m[K’ token
   67 |     void resultCallback(const GoalHandleWallTracking::WrappedResult [01;31m[K&[m[K result);
      |                                                                     [01;31m[K^[m[K
[01m[K/home/shimpei/ros-tcp-endpoint_ws/src/emcl2_ros2/include/emcl2/ExpResetMcl2.h:67:68:[m[K [01;31m[Kerror: [m[Kexpected ‘[01m[K)[m[K’ before ‘[01m[K&[m[K’ token
   67 |     void resultCallback[34m[K([m[Kconst GoalHandleWallTracking::WrappedResult[01;31m[K [m[K[32m[K&[m[K result);
      |                        [34m[K~[m[K                                           [01;31m[K^[m[K[32m[K~[m[K
      |                                                                    [32m[K)[m[K
[01m[K/home/shimpei/ros-tcp-endpoint_ws/src/emcl2_ros2/include/emcl2/ExpResetMcl2.h:67:69:[m[K [01;31m[Kerror: [m[Kexpected ‘[01m[K;[m[K’ at end of member declaration
   67 |     void resultCallback(const GoalHandleWallTracking::WrappedResult [01;31m[K&[m[K result);
      |                                                                     [01;31m[K^[m[K
      |                                                                      [32m[K;[m[K
[01m[K/home/shimpei/ros-tcp-endpoint_ws/src/emcl2_ros2/include/emcl2/ExpResetMcl2.h:67:71:[m[K [01;31m[Kerror: [m[K‘[01m[Kresult[m[K’ does not name a type
   67 |     void resultCallback(const GoalHandleWallTracking::WrappedResult & [01;31m[Kresult[m[K);
      |                                                                       [01;31m[K^~~~~~[m[K
[01m[K/home/shimpei/ros-tcp-endpoint_ws/src/emcl2_ros2/src/ExpResetMcl2.cpp:24:25:[m[K [01;31m[Kerror: [m[K‘[01m[KWallTrackingAction[m[K’ was not declared in this scope
   24 |   rclcpp_action::Client<[01;31m[KWallTrackingAction[m[K>::SharedPtr wt_client,
      |                         [01;31m[K^~~~~~~~~~~~~~~~~~[m[K
[01m[K/home/shimpei/ros-tcp-endpoint_ws/src/emcl2_ros2/src/ExpResetMcl2.cpp:24:43:[m[K [01;31m[Kerror: [m[Ktemplate argument 1 is invalid
   24 |   rclcpp_action::Client<WallTrackingAction[01;31m[K>[m[K::SharedPtr wt_client,
      |                                           [01;31m[K^[m[K
[01m[K/home/shimpei/ros-tcp-endpoint_ws/src/emcl2_ros2/src/ExpResetMcl2.cpp:24:56:[m[K [01;31m[Kerror: [m[Kexpected ‘[01m[K,[m[K’ or ‘[01m[K...[m[K’ before ‘[01m[Kwt_client[m[K’
   24 |   rclcpp_action::Client<WallTrackingAction>::SharedPtr [01;31m[Kwt_client[m[K,
      |                                                        [01;31m[K^~~~~~~~~[m[K
[01m[K/home/shimpei/ros-tcp-endpoint_ws/src/emcl2_ros2/src/ExpResetMcl2.cpp:[m[K In constructor ‘[01m[Kemcl2::ExpResetMcl2::ExpResetMcl2(const emcl2::Pose&, int, const emcl2::Scan&, const std::shared_ptr<emcl2::OdomModel>&, const std::shared_ptr<emcl2::LikelihoodFieldMap>&, double, double, double, double, double, bool, const emcl2::GnssUtil&, bool, bool, double, double, double, int)[m[K’:
[01m[K/home/shimpei/ros-tcp-endpoint_ws/src/emcl2_ros2/src/ExpResetMcl2.cpp:38:3:[m[K [01;31m[Kerror: [m[Kclass ‘[01m[Kemcl2::ExpResetMcl2[m[K’ does not have any field named ‘[01m[Kwt_client_[m[K’
   38 |   [01;31m[Kwt_client_[m[K(wt_client),
      |   [01;31m[K^~~~~~~~~~[m[K
[01m[K/home/shimpei/ros-tcp-endpoint_ws/src/emcl2_ros2/src/ExpResetMcl2.cpp:38:14:[m[K [01;31m[Kerror: [m[K‘[01m[Kwt_client[m[K’ was not declared in this scope
   38 |   wt_client_([01;31m[Kwt_client[m[K),
      |              [01;31m[K^~~~~~~~~[m[K
[01m[K/home/shimpei/ros-tcp-endpoint_ws/src/emcl2_ros2/src/ExpResetMcl2.cpp:39:28:[m[K [01;31m[Kerror: [m[K‘[01m[Klast_reset_gnss_pos_pub[m[K’ was not declared in this scope; did you mean ‘[01m[Klast_reset_gnss_pos_pub_[m[K’?
   39 |   last_reset_gnss_pos_pub_([01;31m[Klast_reset_gnss_pos_pub[m[K),
      |                            [01;31m[K^~~~~~~~~~~~~~~~~~~~~~~[m[K
      |                            [32m[Klast_reset_gnss_pos_pub_[m[K
[01m[K/home/shimpei/ros-tcp-endpoint_ws/src/emcl2_ros2/src/ExpResetMcl2.cpp:46:9:[m[K [01;31m[Kerror: [m[K‘[01m[Ksend_goal_options_[m[K’ was not declared in this scope; did you mean ‘[01m[KSendGoalOptions[m[K’?
   46 |         [01;31m[Ksend_goal_options_[m[K = rclcpp_action::Client<WallTrackingAction>::SendGoalOptions();
      |         [01;31m[K^~~~~~~~~~~~~~~~~~[m[K
      |         [32m[KSendGoalOptions[m[K
[01m[K/home/shimpei/ros-tcp-endpoint_ws/src/emcl2_ros2/src/ExpResetMcl2.cpp:46:52:[m[K [01;31m[Kerror: [m[K‘[01m[KWallTrackingAction[m[K’ was not declared in this scope
   46 |         send_goal_options_ = rclcpp_action::Client<[01;31m[KWallTrackingAction[m[K>::SendGoalOptions();
      |                                                    [01;31m[K^~~~~~~~~~~~~~~~~~[m[K
[01m[K/home/shimpei/ros-tcp-endpoint_ws/src/emcl2_ros2/src/ExpResetMcl2.cpp:46:70:[m[K [01;31m[Kerror: [m[Ktemplate argument 1 is invalid
   46 |         send_goal_options_ = rclcpp_action::Client<WallTrackingAction[01;31m[K>[m[K::SendGoalOptions();
      |                                                                      [01;31m[K^[m[K
[01m[K/home/shimpei/ros-tcp-endpoint_ws/src/emcl2_ros2/src/ExpResetMcl2.cpp:24:46:[m[K [01;35m[Kwarning: [m[Kunused parameter ‘[01m[KSharedPtr[m[K’ [[01;35m[K]8;;https://gcc.gnu.org/onlinedocs/gcc/Warning-Options.html#index-Wunused-parameter-Wunused-parameter]8;;[m[K]
   24 |   [01;35m[Krclcpp_action::Client<WallTrackingAction>::SharedPtr[m[K wt_client,
      |   [01;35m[K~~~~~~~~~~~~~~~~~~~~~~~~~~~~~~~~~~~~~~~~~~~^~~~~~~~~[m[K
[01m[K/home/shimpei/ros-tcp-endpoint_ws/src/emcl2_ros2/src/ExpResetMcl2.cpp:[m[K At global scope:
[01m[K/home/shimpei/ros-tcp-endpoint_ws/src/emcl2_ros2/src/ExpResetMcl2.cpp:56:47:[m[K [01;31m[Kerror: [m[K‘[01m[KGoalHandleWallTracking[m[K’ does not name a type
   56 | void ExpResetMcl2::goalResponseCallback(const [01;31m[KGoalHandleWallTracking[m[K::SharedPtr & goal_handle)
      |                                               [01;31m[K^~~~~~~~~~~~~~~~~~~~~~[m[K
[01m[K/home/shimpei/ros-tcp-endpoint_ws/src/emcl2_ros2/src/ExpResetMcl2.cpp:56:81:[m[K [01;31m[Kerror: [m[Kexpected unqualified-id before ‘[01m[K&[m[K’ token
   56 | void ExpResetMcl2::goalResponseCallback(const GoalHandleWallTracking::SharedPtr [01;31m[K&[m[K goal_handle)
      |                                                                                 [01;31m[K^[m[K
[01m[K/home/shimpei/ros-tcp-endpoint_ws/src/emcl2_ros2/src/ExpResetMcl2.cpp:56:80:[m[K [01;31m[Kerror: [m[Kexpected ‘[01m[K)[m[K’ before ‘[01m[K&[m[K’ token
   56 | void ExpResetMcl2::goalResponseCallback[34m[K([m[Kconst GoalHandleWallTracking::SharedPtr[01;31m[K [m[K[32m[K&[m[K goal_handle)
      |                                        [34m[K~[m[K                                       [01;31m[K^[m[K[32m[K~[m[K
      |                                                                                [32m[K)[m[K
[01m[K/home/shimpei/ros-tcp-endpoint_ws/src/emcl2_ros2/src/ExpResetMcl2.cpp:56:83:[m[K [01;31m[Kerror: [m[Kexpected initializer before ‘[01m[Kgoal_handle[m[K’
   56 | void ExpResetMcl2::goalResponseCallback(const GoalHandleWallTracking::SharedPtr & [01;31m[Kgoal_handle[m[K)
      |                                                                                   [01;31m[K^~~~~~~~~~~[m[K
[01m[K/home/shimpei/ros-tcp-endpoint_ws/src/emcl2_ros2/src/ExpResetMcl2.cpp:64:6:[m[K [01;31m[Kerror: [m[Kvariable or field ‘[01m[KfeedbackCallback[m[K’ declared void
   64 | void [01;31m[KExpResetMcl2[m[K::feedbackCallback(
      |      [01;31m[K^~~~~~~~~~~~[m[K
[01m[K/home/shimpei/ros-tcp-endpoint_ws/src/emcl2_ros2/src/ExpResetMcl2.cpp:65:10:[m[K [01;31m[Kerror: [m[Kexpected identifier before ‘[01m[K[[m[K’ token
   65 |         [[01;31m[K[[m[Kmaybe_unused]] typename GoalHandleWallTracking::SharedPtr,
      |          [01;31m[K^[m[K
[01m[K/home/shimpei/ros-tcp-endpoint_ws/src/emcl2_ros2/src/ExpResetMcl2.cpp:65:35:[m[K [01;31m[Kerror: [m[K‘[01m[KGoalHandleWallTracking[m[K’ has not been declared
   65 |         [[maybe_unused]] typename [01;31m[KGoalHandleWallTracking[m[K::SharedPtr,
      |                                   [01;31m[K^~~~~~~~~~~~~~~~~~~~~~[m[K
[01m[K/home/shimpei/ros-tcp-endpoint_ws/src/emcl2_ros2/src/ExpResetMcl2.cpp:65:26:[m[K [01;31m[Kerror: [m[Ktype-specifier invalid in lambda
   65 |         [[maybe_unused]] [01;31m[Ktypename[m[K GoalHandleWallTracking::SharedPtr,
      |                          [01;31m[K^~~~~~~~[m[K
[01m[K/home/shimpei/ros-tcp-endpoint_ws/src/emcl2_ros2/src/ExpResetMcl2.cpp:65:26:[m[K [01;35m[Kwarning: [m[Kparameter declaration before lambda declaration specifiers only optional with ‘[01m[K-std=c++2b[m[K’ or ‘[01m[K-std=gnu++2b[m[K’
[01m[K/home/shimpei/ros-tcp-endpoint_ws/src/emcl2_ros2/src/ExpResetMcl2.cpp:[m[K In lambda function:
[01m[K/home/shimpei/ros-tcp-endpoint_ws/src/emcl2_ros2/src/ExpResetMcl2.cpp:65:68:[m[K [01;31m[Kerror: [m[Kexpected ‘[01m[K{[m[K’ before ‘[01m[K,[m[K’ token
   65 |         [[maybe_unused]] typename GoalHandleWallTracking::SharedPtr[01;31m[K,[m[K
      |                                                                    [01;31m[K^[m[K
[01m[K/home/shimpei/ros-tcp-endpoint_ws/src/emcl2_ros2/src/ExpResetMcl2.cpp:[m[K At global scope:
[01m[K/home/shimpei/ros-tcp-endpoint_ws/src/emcl2_ros2/src/ExpResetMcl2.cpp:66:10:[m[K [01;31m[Kerror: [m[Kexpected identifier before ‘[01m[K[[m[K’ token
   66 |         [[01;31m[K[[m[Kmaybe_unused]] const std::shared_ptr<const typename WallTrackingAction::Feedback> feedback)
      |          [01;31m[K^[m[K
[01m[K/home/shimpei/ros-tcp-endpoint_ws/src/emcl2_ros2/src/ExpResetMcl2.cpp:[m[K In lambda function:
[01m[K/home/shimpei/ros-tcp-endpoint_ws/src/emcl2_ros2/src/ExpResetMcl2.cpp:66:26:[m[K [01;31m[Kerror: [m[Kexpected ‘[01m[K{[m[K’ before ‘[01m[Kconst[m[K’
   66 |         [[maybe_unused]] [01;31m[Kconst[m[K std::shared_ptr<const typename WallTrackingAction::Feedback> feedback)
      |                          [01;31m[K^~~~~[m[K
[01m[K/home/shimpei/ros-tcp-endpoint_ws/src/emcl2_ros2/src/ExpResetMcl2.cpp:[m[K At global scope:
[01m[K/home/shimpei/ros-tcp-endpoint_ws/src/emcl2_ros2/src/ExpResetMcl2.cpp:66:25:[m[K [01;31m[Kerror: [m[Kexpected ‘[01m[K)[m[K’ before ‘[01m[Kconst[m[K’
   66 |         [[maybe_unused]][01;31m[K [m[K[32m[Kconst[m[K std::shared_ptr<const typename WallTrackingAction::Feedback> feedback)
      |                         [01;31m[K^[m[K[32m[K~~~~~[m[K
      |                         [32m[K)[m[K
[01m[K/home/shimpei/ros-tcp-endpoint_ws/src/emcl2_ros2/src/ExpResetMcl2.cpp:64:36:[m[K [01;36m[Knote: [m[Kto match this ‘[01m[K([m[K’
   64 | void ExpResetMcl2::feedbackCallback[01;36m[K([m[K
      |                                    [01;36m[K^[m[K
[01m[K/home/shimpei/ros-tcp-endpoint_ws/src/emcl2_ros2/src/ExpResetMcl2.cpp:84:41:[m[K [01;31m[Kerror: [m[K‘[01m[KGoalHandleWallTracking[m[K’ does not name a type
   84 | void ExpResetMcl2::resultCallback(const [01;31m[KGoalHandleWallTracking[m[K::WrappedResult & result)
      |                                         [01;31m[K^~~~~~~~~~~~~~~~~~~~~~[m[K
[01m[K/home/shimpei/ros-tcp-endpoint_ws/src/emcl2_ros2/src/ExpResetMcl2.cpp:84:79:[m[K [01;31m[Kerror: [m[Kexpected unqualified-id before ‘[01m[K&[m[K’ token
   84 | void ExpResetMcl2::resultCallback(const GoalHandleWallTracking::WrappedResult [01;31m[K&[m[K result)
      |                                                                               [01;31m[K^[m[K
[01m[K/home/shimpei/ros-tcp-endpoint_ws/src/emcl2_ros2/src/ExpResetMcl2.cpp:84:78:[m[K [01;31m[Kerror: [m[Kexpected ‘[01m[K)[m[K’ before ‘[01m[K&[m[K’ token
   84 | void ExpResetMcl2::resultCallback[34m[K([m[Kconst GoalHandleWallTracking::WrappedResult[01;31m[K [m[K[32m[K&[m[K result)
      |                                  [34m[K~[m[K                                           [01;31m[K^[m[K[32m[K~[m[K
      |                                                                              [32m[K)[m[K
[01m[K/home/shimpei/ros-tcp-endpoint_ws/src/emcl2_ros2/src/ExpResetMcl2.cpp:84:81:[m[K [01;31m[Kerror: [m[Kexpected initializer before ‘[01m[Kresult[m[K’
   84 | void ExpResetMcl2::resultCallback(const GoalHandleWallTracking::WrappedResult & [01;31m[Kresult[m[K)
      |                                                                                 [01;31m[K^~~~~~[m[K
[01m[K/home/shimpei/ros-tcp-endpoint_ws/src/emcl2_ros2/src/ExpResetMcl2.cpp:[m[K In member function ‘[01m[Kvoid emcl2::ExpResetMcl2::sendWTGoal()[m[K’:
[01m[K/home/shimpei/ros-tcp-endpoint_ws/src/emcl2_ros2/src/ExpResetMcl2.cpp:199:13:[m[K [01;31m[Kerror: [m[K‘[01m[Kwt_client_[m[K’ was not declared in this scope; did you mean ‘[01m[Krmw_client_t[m[K’?
  199 |         if(![01;31m[Kwt_client_[m[K->wait_for_action_server()){
      |             [01;31m[K^~~~~~~~~~[m[K
      |             [32m[Krmw_client_t[m[K
[01m[K/home/shimpei/ros-tcp-endpoint_ws/src/emcl2_ros2/src/ExpResetMcl2.cpp:203:25:[m[K [01;31m[Kerror: [m[K‘[01m[KWallTrackingAction[m[K’ has not been declared
  203 |         auto goal_msg = [01;31m[KWallTrackingAction[m[K::Goal();
      |                         [01;31m[K^~~~~~~~~~~~~~~~~~[m[K
[01m[K/home/shimpei/ros-tcp-endpoint_ws/src/emcl2_ros2/src/ExpResetMcl2.cpp:205:9:[m[K [01;31m[Kerror: [m[K‘[01m[Kwt_client_[m[K’ was not declared in this scope; did you mean ‘[01m[Krmw_client_t[m[K’?
  205 |         [01;31m[Kwt_client_[m[K->async_send_goal(goal_msg, send_goal_options_);
      |         [01;31m[K^~~~~~~~~~[m[K
      |         [32m[Krmw_client_t[m[K
[01m[K/home/shimpei/ros-tcp-endpoint_ws/src/emcl2_ros2/src/ExpResetMcl2.cpp:205:47:[m[K [01;31m[Kerror: [m[K‘[01m[Ksend_goal_options_[m[K’ was not declared in this scope; did you mean ‘[01m[KSendGoalOptions[m[K’?
  205 |         wt_client_->async_send_goal(goal_msg, [01;31m[Ksend_goal_options_[m[K);
      |                                               [01;31m[K^~~~~~~~~~~~~~~~~~[m[K
      |                                               [32m[KSendGoalOptions[m[K
[01m[K/home/shimpei/ros-tcp-endpoint_ws/src/emcl2_ros2/src/emcl2_node.cpp:[m[K In member function ‘[01m[Kvoid emcl2::EMcl2Node::initPF()[m[K’:
[01m[K/home/shimpei/ros-tcp-endpoint_ws/src/emcl2_ros2/src/emcl2_node.cpp:152:27:[m[K [01;31m[Kerror: [m[K‘[01m[KWallTrackingAction[m[K’ was not declared in this scope
  152 |     rclcpp_action::Client<[01;31m[KWallTrackingAction[m[K>::SharedPtr client_ptr;
      |                           [01;31m[K^~~~~~~~~~~~~~~~~~[m[K
[01m[K/home/shimpei/ros-tcp-endpoint_ws/src/emcl2_ros2/src/emcl2_node.cpp:152:45:[m[K [01;31m[Kerror: [m[Ktemplate argument 1 is invalid
  152 |     rclcpp_action::Client<WallTrackingAction[01;31m[K>[m[K::SharedPtr client_ptr;
      |                                             [01;31m[K^[m[K
[01m[K/home/shimpei/ros-tcp-endpoint_ws/src/emcl2_ros2/src/emcl2_node.cpp:152:58:[m[K [01;31m[Kerror: [m[Kexpected initializer before ‘[01m[Kclient_ptr[m[K’
  152 |     rclcpp_action::Client<WallTrackingAction>::SharedPtr [01;31m[Kclient_ptr[m[K;
      |                                                          [01;31m[K^~~~~~~~~~[m[K
[01m[K/home/shimpei/ros-tcp-endpoint_ws/src/emcl2_ros2/src/emcl2_node.cpp:153:5:[m[K [01;31m[Kerror: [m[K‘[01m[Kclient_ptr[m[K’ was not declared in this scope
  153 |     [01;31m[Kclient_ptr[m[K = rclcpp_action::create_client<WallTrackingAction>(this, "wall_tracking");
      |     [01;31m[K^~~~~~~~~~[m[K
[01m[K/home/shimpei/ros-tcp-endpoint_ws/src/emcl2_ros2/src/emcl2_node.cpp:153:66:[m[K [01;31m[Kerror: [m[Kno matching function for call to ‘[01m[Kcreate_client<WallTrackingAction>(emcl2::EMcl2Node*, const char [14])[m[K’
  153 |     client_ptr = [01;31m[Krclcpp_action::create_client<WallTrackingAction>(this, "wall_tracking")[m[K;
      |                  [01;31m[K~~~~~~~~~~~~~~~~~~~~~~~~~~~~~~~~~~~~~~~~~~~~~~~~^~~~~~~~~~~~~~~~~~~~~~~[m[K
In file included from [01m[K/opt/ros/humble/include/rclcpp_action/rclcpp_action/rclcpp_action.hpp:38[m[K,
                 from [01m[K/home/shimpei/ros-tcp-endpoint_ws/src/emcl2_ros2/include/emcl2/ExpResetMcl2.h:12[m[K,
                 from [01m[K/home/shimpei/ros-tcp-endpoint_ws/src/emcl2_ros2/include/emcl2/emcl2_node.h:8[m[K,
                 from [01m[K/home/shimpei/ros-tcp-endpoint_ws/src/emcl2_ros2/src/emcl2_node.cpp:5[m[K:
[01m[K/opt/ros/humble/include/rclcpp_action/rclcpp_action/create_client.hpp:44:1:[m[K [01;36m[Knote: [m[Kcandidate: ‘[01m[Ktemplate<class ActionT> typename rclcpp_action::Client<ActionT>::SharedPtr rclcpp_action::create_client(rclcpp::node_interfaces::NodeBaseInterface::SharedPtr, rclcpp::node_interfaces::NodeGraphInterface::SharedPtr, rclcpp::node_interfaces::NodeLoggingInterface::SharedPtr, rclcpp::node_interfaces::NodeWaitablesInterface::SharedPtr, const string&, rclcpp::CallbackGroup::SharedPtr, const rcl_action_client_options_t&)[m[K’
   44 | [01;36m[Kcreate_client[m[K(
      | [01;36m[K^~~~~~~~~~~~~[m[K
[01m[K/opt/ros/humble/include/rclcpp_action/rclcpp_action/create_client.hpp:44:1:[m[K [01;36m[Knote: [m[K  template argument deduction/substitution failed:
[01m[K/opt/ros/humble/include/rclcpp_action/rclcpp_action/create_client.hpp:105:1:[m[K [01;36m[Knote: [m[Kcandidate: ‘[01m[Ktemplate<class ActionT, class NodeT> typename rclcpp_action::Client<ActionT>::SharedPtr rclcpp_action::create_client(NodeT, const string&, rclcpp::CallbackGroup::SharedPtr, const rcl_action_client_options_t&)[m[K’
  105 | [01;36m[Kcreate_client[m[K(
      | [01;36m[K^~~~~~~~~~~~~[m[K
[01m[K/opt/ros/humble/include/rclcpp_action/rclcpp_action/create_client.hpp:105:1:[m[K [01;36m[Knote: [m[K  template argument deduction/substitution failed:
gmake[2]: *** [CMakeFiles/emcl2_node.dir/build.make:90: CMakeFiles/emcl2_node.dir/src/ExpResetMcl2.cpp.o] エラー 1
gmake[2]: *** 未完了のジョブを待っています....
gmake[2]: *** [CMakeFiles/emcl2_node.dir/build.make:174: CMakeFiles/emcl2_node.dir/src/emcl2_node.cpp.o] エラー 1
gmake[1]: *** [CMakeFiles/Makefile2:137: CMakeFiles/emcl2_node.dir/all] エラー 2
gmake: *** [Makefile:146: all] エラー 2
