[0.017s] Invoking command in '/home/shimpei/ros-tcp-endpoint_ws/src/emcl2_ros2/build/emcl2': CMAKE_PREFIX_PATH=${CMAKE_PREFIX_PATH}:/opt/ros/humble /usr/bin/cmake --build /home/shimpei/ros-tcp-endpoint_ws/src/emcl2_ros2/build/emcl2 -- -j8 -l8
[0.079s] [35m[1mConsolidate compiler generated dependencies of target emcl2_node[0m
[0.124s] [ 20%] [32mBuilding CXX object CMakeFiles/emcl2_node.dir/src/emcl2_node.cpp.o[0m
[0.125s] [ 20%] [32mBuilding CXX object CMakeFiles/emcl2_node.dir/src/ExpResetMcl2.cpp.o[0m
[3.892s] In file included from [01m[K/home/shimpei/ros-tcp-endpoint_ws/src/emcl2_ros2/include/emcl2/emcl2_node.h:8[m[K,
[3.893s]                  from [01m[K/home/shimpei/ros-tcp-endpoint_ws/src/emcl2_ros2/src/emcl2_node.cpp:5[m[K:
[3.893s] [01m[K/home/shimpei/ros-tcp-endpoint_ws/src/emcl2_ros2/include/emcl2/ExpResetMcl2.h:17:28:[m[K [01;31m[Kerror: [m[K‘[01m[Kwall_tracking_msgs[m[K’ does not name a type
[3.893s]    17 | using WallTrackingAction = [01;31m[Kwall_tracking_msgs[m[K::action::WallTracking;
[3.893s]       |                            [01;31m[K^~~~~~~~~~~~~~~~~~[m[K
[3.904s] [01m[K/home/shimpei/ros-tcp-endpoint_ws/src/emcl2_ros2/include/emcl2/ExpResetMcl2.h:18:64:[m[K [01;31m[Kerror: [m[K‘[01m[KWallTrackingAction[m[K’ was not declared in this scope
[3.904s]    18 | using GoalHandleWallTracking = rclcpp_action::ClientGoalHandle<[01;31m[KWallTrackingAction[m[K>;
[3.904s]       |                                                                [01;31m[K^~~~~~~~~~~~~~~~~~[m[K
[3.905s] [01m[K/home/shimpei/ros-tcp-endpoint_ws/src/emcl2_ros2/include/emcl2/ExpResetMcl2.h:18:82:[m[K [01;31m[Kerror: [m[Ktemplate argument 1 is invalid
[3.905s]    18 | using GoalHandleWallTracking = rclcpp_action::ClientGoalHandle<WallTrackingAction[01;31m[K>[m[K;
[3.905s]       |                                                                                  [01;31m[K^[m[K
[3.923s] [01m[K/home/shimpei/ros-tcp-endpoint_ws/src/emcl2_ros2/include/emcl2/ExpResetMcl2.h:32:33:[m[K [01;31m[Kerror: [m[K‘[01m[KWallTrackingAction[m[K’ was not declared in this scope
[3.923s]    32 |           rclcpp_action::Client<[01;31m[KWallTrackingAction[m[K>::SharedPtr wt_client,
[3.923s]       |                                 [01;31m[K^~~~~~~~~~~~~~~~~~[m[K
[3.923s] [01m[K/home/shimpei/ros-tcp-endpoint_ws/src/emcl2_ros2/include/emcl2/ExpResetMcl2.h:32:51:[m[K [01;31m[Kerror: [m[Ktemplate argument 1 is invalid
[3.923s]    32 |           rclcpp_action::Client<WallTrackingAction[01;31m[K>[m[K::SharedPtr wt_client,
[3.923s]       |                                                   [01;31m[K^[m[K
[3.924s] [01m[K/home/shimpei/ros-tcp-endpoint_ws/src/emcl2_ros2/include/emcl2/ExpResetMcl2.h:32:64:[m[K [01;31m[Kerror: [m[Kexpected ‘[01m[K,[m[K’ or ‘[01m[K...[m[K’ before ‘[01m[Kwt_client[m[K’
[3.924s]    32 |           rclcpp_action::Client<WallTrackingAction>::SharedPtr [01;31m[Kwt_client[m[K,
[3.924s]       |                                                                [01;31m[K^~~~~~~~~[m[K
[3.937s] In file included from [01m[K/home/shimpei/ros-tcp-endpoint_ws/src/emcl2_ros2/src/ExpResetMcl2.cpp:4[m[K:
[3.937s] [01m[K/home/shimpei/ros-tcp-endpoint_ws/src/emcl2_ros2/include/emcl2/ExpResetMcl2.h:17:28:[m[K [01;31m[Kerror: [m[K‘[01m[Kwall_tracking_msgs[m[K’ does not name a type
[3.937s]    17 | using WallTrackingAction = [01;31m[Kwall_tracking_msgs[m[K::action::WallTracking;
[3.937s]       |                            [01;31m[K^~~~~~~~~~~~~~~~~~[m[K
[3.944s] [01m[K/home/shimpei/ros-tcp-endpoint_ws/src/emcl2_ros2/include/emcl2/ExpResetMcl2.h:58:31:[m[K [01;31m[Kerror: [m[K‘[01m[KWallTrackingAction[m[K’ was not declared in this scope
[3.945s]    58 |         rclcpp_action::Client<[01;31m[KWallTrackingAction[m[K>::SharedPtr wt_client_;
[3.945s]       |                               [01;31m[K^~~~~~~~~~~~~~~~~~[m[K
[3.945s] [01m[K/home/shimpei/ros-tcp-endpoint_ws/src/emcl2_ros2/include/emcl2/ExpResetMcl2.h:58:49:[m[K [01;31m[Kerror: [m[Ktemplate argument 1 is invalid
[3.945s]    58 |         rclcpp_action::Client<WallTrackingAction[01;31m[K>[m[K::SharedPtr wt_client_;
[3.945s]       |                                                 [01;31m[K^[m[K
[3.950s] [01m[K/home/shimpei/ros-tcp-endpoint_ws/src/emcl2_ros2/include/emcl2/ExpResetMcl2.h:18:64:[m[K [01;31m[Kerror: [m[K‘[01m[KWallTrackingAction[m[K’ was not declared in this scope
[3.950s]    18 | using GoalHandleWallTracking = rclcpp_action::ClientGoalHandle<[01;31m[KWallTrackingAction[m[K>;
[3.950s]       |                                                                [01;31m[K^~~~~~~~~~~~~~~~~~[m[K
[3.950s] [01m[K/home/shimpei/ros-tcp-endpoint_ws/src/emcl2_ros2/include/emcl2/ExpResetMcl2.h:18:82:[m[K [01;31m[Kerror: [m[Ktemplate argument 1 is invalid
[3.950s]    18 | using GoalHandleWallTracking = rclcpp_action::ClientGoalHandle<WallTrackingAction[01;31m[K>[m[K;
[3.950s]       |                                                                                  [01;31m[K^[m[K
[3.951s] [01m[K/home/shimpei/ros-tcp-endpoint_ws/src/emcl2_ros2/include/emcl2/ExpResetMcl2.h:58:52:[m[K [01;31m[Kerror: [m[Kexpected ‘[01m[K;[m[K’ at end of member declaration
[3.951s]    58 |         rclcpp_action::Client<WallTrackingAction>::[01;31m[KSharedPtr[m[K wt_client_;
[3.951s]       |                                                    [01;31m[K^~~~~~~~~[m[K
[3.951s]       |                                                             [32m[K;[m[K
[3.954s] [01m[K/home/shimpei/ros-tcp-endpoint_ws/src/emcl2_ros2/include/emcl2/ExpResetMcl2.h:58:62:[m[K [01;31m[Kerror: [m[K‘[01m[Kwt_client_[m[K’ does not name a type; did you mean ‘[01m[Krmw_client_t[m[K’?
[3.954s]    58 |         rclcpp_action::Client<WallTrackingAction>::SharedPtr [01;31m[Kwt_client_[m[K;
[3.954s]       |                                                              [01;31m[K^~~~~~~~~~[m[K
[3.954s]       |                                                              [32m[Krmw_client_t[m[K
[3.968s] [01m[K/home/shimpei/ros-tcp-endpoint_ws/src/emcl2_ros2/include/emcl2/ExpResetMcl2.h:32:33:[m[K [01;31m[Kerror: [m[K‘[01m[KWallTrackingAction[m[K’ was not declared in this scope
[3.968s]    32 |           rclcpp_action::Client<[01;31m[KWallTrackingAction[m[K>::SharedPtr wt_client,
[3.969s]       |                                 [01;31m[K^~~~~~~~~~~~~~~~~~[m[K
[3.969s] [01m[K/home/shimpei/ros-tcp-endpoint_ws/src/emcl2_ros2/include/emcl2/ExpResetMcl2.h:32:51:[m[K [01;31m[Kerror: [m[Ktemplate argument 1 is invalid
[3.969s]    32 |           rclcpp_action::Client<WallTrackingAction[01;31m[K>[m[K::SharedPtr wt_client,
[3.969s]       |                                                   [01;31m[K^[m[K
[3.969s] [01m[K/home/shimpei/ros-tcp-endpoint_ws/src/emcl2_ros2/include/emcl2/ExpResetMcl2.h:32:64:[m[K [01;31m[Kerror: [m[Kexpected ‘[01m[K,[m[K’ or ‘[01m[K...[m[K’ before ‘[01m[Kwt_client[m[K’
[3.969s]    32 |           rclcpp_action::Client<WallTrackingAction>::SharedPtr [01;31m[Kwt_client[m[K,
[3.970s]       |                                                                [01;31m[K^~~~~~~~~[m[K
[3.971s] [01m[K/home/shimpei/ros-tcp-endpoint_ws/src/emcl2_ros2/include/emcl2/ExpResetMcl2.h:59:31:[m[K [01;31m[Kerror: [m[K‘[01m[KWallTrackingAction[m[K’ was not declared in this scope
[3.971s]    59 |         rclcpp_action::Client<[01;31m[KWallTrackingAction[m[K>::SendGoalOptions send_goal_options_;
[3.971s]       |                               [01;31m[K^~~~~~~~~~~~~~~~~~[m[K
[3.972s] [01m[K/home/shimpei/ros-tcp-endpoint_ws/src/emcl2_ros2/include/emcl2/ExpResetMcl2.h:59:49:[m[K [01;31m[Kerror: [m[Ktemplate argument 1 is invalid
[3.972s]    59 |         rclcpp_action::Client<WallTrackingAction[01;31m[K>[m[K::SendGoalOptions send_goal_options_;
[3.972s]       |                                                 [01;31m[K^[m[K
[3.972s] [01m[K/home/shimpei/ros-tcp-endpoint_ws/src/emcl2_ros2/include/emcl2/ExpResetMcl2.h:59:52:[m[K [01;31m[Kerror: [m[Kexpected ‘[01m[K;[m[K’ at end of member declaration
[3.972s]    59 |         rclcpp_action::Client<WallTrackingAction>::[01;31m[KSendGoalOptions[m[K send_goal_options_;
[3.972s]       |                                                    [01;31m[K^~~~~~~~~~~~~~~[m[K
[3.972s]       |                                                                   [32m[K;[m[K
[3.977s] [01m[K/home/shimpei/ros-tcp-endpoint_ws/src/emcl2_ros2/include/emcl2/ExpResetMcl2.h:59:68:[m[K [01;31m[Kerror: [m[K‘[01m[Ksend_goal_options_[m[K’ does not name a type
[3.977s]    59 |         rclcpp_action::Client<WallTrackingAction>::SendGoalOptions [01;31m[Ksend_goal_options_[m[K;
[3.978s]       |                                                                    [01;31m[K^~~~~~~~~~~~~~~~~~[m[K
[3.987s] [01m[K/home/shimpei/ros-tcp-endpoint_ws/src/emcl2_ros2/include/emcl2/ExpResetMcl2.h:58:31:[m[K [01;31m[Kerror: [m[K‘[01m[KWallTrackingAction[m[K’ was not declared in this scope
[3.987s]    58 |         rclcpp_action::Client<[01;31m[KWallTrackingAction[m[K>::SharedPtr wt_client_;
[3.987s]       |                               [01;31m[K^~~~~~~~~~~~~~~~~~[m[K
[3.987s] [01m[K/home/shimpei/ros-tcp-endpoint_ws/src/emcl2_ros2/include/emcl2/ExpResetMcl2.h:58:49:[m[K [01;31m[Kerror: [m[Ktemplate argument 1 is invalid
[3.987s]    58 |         rclcpp_action::Client<WallTrackingAction[01;31m[K>[m[K::SharedPtr wt_client_;
[3.987s]       |                                                 [01;31m[K^[m[K
[3.987s] [01m[K/home/shimpei/ros-tcp-endpoint_ws/src/emcl2_ros2/include/emcl2/ExpResetMcl2.h:58:52:[m[K [01;31m[Kerror: [m[Kexpected ‘[01m[K;[m[K’ at end of member declaration
[3.988s]    58 |         rclcpp_action::Client<WallTrackingAction>::[01;31m[KSharedPtr[m[K wt_client_;
[3.988s]       |                                                    [01;31m[K^~~~~~~~~[m[K
[3.988s]       |                                                             [32m[K;[m[K
[3.989s] [01m[K/home/shimpei/ros-tcp-endpoint_ws/src/emcl2_ros2/include/emcl2/ExpResetMcl2.h:63:41:[m[K [01;31m[Kerror: [m[K‘[01m[KGoalHandleWallTracking[m[K’ does not name a type
[3.989s]    63 |         void goalResponseCallback(const [01;31m[KGoalHandleWallTracking[m[K::SharedPtr & goal_handle);
[3.989s]       |                                         [01;31m[K^~~~~~~~~~~~~~~~~~~~~~[m[K
[3.990s] [01m[K/home/shimpei/ros-tcp-endpoint_ws/src/emcl2_ros2/include/emcl2/ExpResetMcl2.h:63:75:[m[K [01;31m[Kerror: [m[Kexpected unqualified-id before ‘[01m[K&[m[K’ token
[3.990s]    63 |         void goalResponseCallback(const GoalHandleWallTracking::SharedPtr [01;31m[K&[m[K goal_handle);
[3.990s]       |                                                                           [01;31m[K^[m[K
[3.990s] [01m[K/home/shimpei/ros-tcp-endpoint_ws/src/emcl2_ros2/include/emcl2/ExpResetMcl2.h:63:74:[m[K [01;31m[Kerror: [m[Kexpected ‘[01m[K)[m[K’ before ‘[01m[K&[m[K’ token
[3.990s]    63 |         void goalResponseCallback[34m[K([m[Kconst GoalHandleWallTracking::SharedPtr[01;31m[K [m[K[32m[K&[m[K goal_handle);
[3.990s]       |                                  [34m[K~[m[K                                       [01;31m[K^[m[K[32m[K~[m[K
[3.990s]       |                                                                          [32m[K)[m[K
[3.990s] [01m[K/home/shimpei/ros-tcp-endpoint_ws/src/emcl2_ros2/include/emcl2/ExpResetMcl2.h:63:75:[m[K [01;31m[Kerror: [m[Kexpected ‘[01m[K;[m[K’ at end of member declaration
[3.991s]    63 |         void goalResponseCallback(const GoalHandleWallTracking::SharedPtr [01;31m[K&[m[K goal_handle);
[3.991s]       |                                                                           [01;31m[K^[m[K
[3.991s]       |                                                                            [32m[K;[m[K
[3.991s] [01m[K/home/shimpei/ros-tcp-endpoint_ws/src/emcl2_ros2/include/emcl2/ExpResetMcl2.h:58:62:[m[K [01;31m[Kerror: [m[K‘[01m[Kwt_client_[m[K’ does not name a type; did you mean ‘[01m[Krmw_client_t[m[K’?
[3.991s]    58 |         rclcpp_action::Client<WallTrackingAction>::SharedPtr [01;31m[Kwt_client_[m[K;
[3.991s]       |                                                              [01;31m[K^~~~~~~~~~[m[K
[3.991s]       |                                                              [32m[Krmw_client_t[m[K
[3.993s] [01m[K/home/shimpei/ros-tcp-endpoint_ws/src/emcl2_ros2/include/emcl2/ExpResetMcl2.h:63:77:[m[K [01;31m[Kerror: [m[K‘[01m[Kgoal_handle[m[K’ does not name a type
[3.993s]    63 |         void goalResponseCallback(const GoalHandleWallTracking::SharedPtr & [01;31m[Kgoal_handle[m[K);
[3.993s]       |                                                                             [01;31m[K^~~~~~~~~~~[m[K
[3.993s] [01m[K/home/shimpei/ros-tcp-endpoint_ws/src/emcl2_ros2/include/emcl2/ExpResetMcl2.h:65:35:[m[K [01;31m[Kerror: [m[K‘[01m[KGoalHandleWallTracking[m[K’ has not been declared
[3.993s]    65 |         [[maybe_unused]] typename [01;31m[KGoalHandleWallTracking[m[K::SharedPtr,
[3.994s]       |                                   [01;31m[K^~~~~~~~~~~~~~~~~~~~~~[m[K
[3.994s] [01m[K/home/shimpei/ros-tcp-endpoint_ws/src/emcl2_ros2/include/emcl2/ExpResetMcl2.h:66:91:[m[K [01;31m[Kerror: [m[Ktemplate argument 1 is invalid
[3.994s]    66 |         [[maybe_unused]] const std::shared_ptr<const typename WallTrackingAction::Feedback[01;31m[K>[m[K feedback);
[3.994s]       |                                                                                           [01;31m[K^[m[K
[3.994s] [01m[K/home/shimpei/ros-tcp-endpoint_ws/src/emcl2_ros2/include/emcl2/ExpResetMcl2.h:66:91:[m[K [01;31m[Kerror: [m[Ktemplate argument 1 is invalid
[3.994s] [01m[K/home/shimpei/ros-tcp-endpoint_ws/src/emcl2_ros2/include/emcl2/ExpResetMcl2.h:66:91:[m[K [01;31m[Kerror: [m[Ktemplate argument 1 is invalid
[3.994s] [01m[K/home/shimpei/ros-tcp-endpoint_ws/src/emcl2_ros2/include/emcl2/ExpResetMcl2.h:66:32:[m[K [01;31m[Kerror: [m[Kinvalid template-id
[3.994s]    66 |         [[maybe_unused]] const [01;31m[Kstd[m[K::shared_ptr<const typename WallTrackingAction::Feedback> feedback);
[3.995s]       |                                [01;31m[K^~~[m[K
[3.995s] [01m[K/home/shimpei/ros-tcp-endpoint_ws/src/emcl2_ros2/include/emcl2/ExpResetMcl2.h:66:48:[m[K [01;31m[Kerror: [m[Kexpected primary-expression before ‘[01m[Kconst[m[K’
[3.995s]    66 |         [[maybe_unused]] const std::shared_ptr<[01;31m[Kconst[m[K typename WallTrackingAction::Feedback> feedback);
[3.995s]       |                                                [01;31m[K^~~~~[m[K
[3.995s] [01m[K/home/shimpei/ros-tcp-endpoint_ws/src/emcl2_ros2/include/emcl2/ExpResetMcl2.h:66:48:[m[K [01;31m[Kerror: [m[Kexpected ‘[01m[K>[m[K’ before ‘[01m[Kconst[m[K’
[3.995s] [01m[K/home/shimpei/ros-tcp-endpoint_ws/src/emcl2_ros2/include/emcl2/ExpResetMcl2.h:66:26:[m[K [01;31m[Kerror: [m[Kclass template placeholder ‘[01m[Kstd::shared_ptr[m[K’ not permitted in this context
[3.995s]    66 |         [[maybe_unused]] [01;31m[Kconst[m[K std::shared_ptr<const typename WallTrackingAction::Feedback> feedback);
[3.995s]       |                          [01;31m[K^~~~~[m[K
[4.001s] [01m[K/home/shimpei/ros-tcp-endpoint_ws/src/emcl2_ros2/include/emcl2/ExpResetMcl2.h:67:31:[m[K [01;31m[Kerror: [m[K‘[01m[KGoalHandleWallTracking[m[K’ does not name a type
[4.001s]    67 |     void resultCallback(const [01;31m[KGoalHandleWallTracking[m[K::WrappedResult & result);
[4.001s]       |                               [01;31m[K^~~~~~~~~~~~~~~~~~~~~~[m[K
[4.001s] [01m[K/home/shimpei/ros-tcp-endpoint_ws/src/emcl2_ros2/include/emcl2/ExpResetMcl2.h:67:69:[m[K [01;31m[Kerror: [m[Kexpected unqualified-id before ‘[01m[K&[m[K’ token
[4.001s]    67 |     void resultCallback(const GoalHandleWallTracking::WrappedResult [01;31m[K&[m[K result);
[4.001s]       |                                                                     [01;31m[K^[m[K
[4.002s] [01m[K/home/shimpei/ros-tcp-endpoint_ws/src/emcl2_ros2/include/emcl2/ExpResetMcl2.h:67:68:[m[K [01;31m[Kerror: [m[Kexpected ‘[01m[K)[m[K’ before ‘[01m[K&[m[K’ token
[4.002s]    67 |     void resultCallback[34m[K([m[Kconst GoalHandleWallTracking::WrappedResult[01;31m[K [m[K[32m[K&[m[K result);
[4.002s]       |                        [34m[K~[m[K                                           [01;31m[K^[m[K[32m[K~[m[K
[4.002s]       |                                                                    [32m[K)[m[K
[4.002s] [01m[K/home/shimpei/ros-tcp-endpoint_ws/src/emcl2_ros2/include/emcl2/ExpResetMcl2.h:67:69:[m[K [01;31m[Kerror: [m[Kexpected ‘[01m[K;[m[K’ at end of member declaration
[4.002s]    67 |     void resultCallback(const GoalHandleWallTracking::WrappedResult [01;31m[K&[m[K result);
[4.002s]       |                                                                     [01;31m[K^[m[K
[4.002s]       |                                                                      [32m[K;[m[K
[4.003s] [01m[K/home/shimpei/ros-tcp-endpoint_ws/src/emcl2_ros2/include/emcl2/ExpResetMcl2.h:67:71:[m[K [01;31m[Kerror: [m[K‘[01m[Kresult[m[K’ does not name a type
[4.003s]    67 |     void resultCallback(const GoalHandleWallTracking::WrappedResult & [01;31m[Kresult[m[K);
[4.003s]       |                                                                       [01;31m[K^~~~~~[m[K
[4.009s] [01m[K/home/shimpei/ros-tcp-endpoint_ws/src/emcl2_ros2/include/emcl2/ExpResetMcl2.h:59:31:[m[K [01;31m[Kerror: [m[K‘[01m[KWallTrackingAction[m[K’ was not declared in this scope
[4.009s]    59 |         rclcpp_action::Client<[01;31m[KWallTrackingAction[m[K>::SendGoalOptions send_goal_options_;
[4.009s]       |                               [01;31m[K^~~~~~~~~~~~~~~~~~[m[K
[4.009s] [01m[K/home/shimpei/ros-tcp-endpoint_ws/src/emcl2_ros2/include/emcl2/ExpResetMcl2.h:59:49:[m[K [01;31m[Kerror: [m[Ktemplate argument 1 is invalid
[4.009s]    59 |         rclcpp_action::Client<WallTrackingAction[01;31m[K>[m[K::SendGoalOptions send_goal_options_;
[4.009s]       |                                                 [01;31m[K^[m[K
[4.009s] [01m[K/home/shimpei/ros-tcp-endpoint_ws/src/emcl2_ros2/include/emcl2/ExpResetMcl2.h:59:52:[m[K [01;31m[Kerror: [m[Kexpected ‘[01m[K;[m[K’ at end of member declaration
[4.010s]    59 |         rclcpp_action::Client<WallTrackingAction>::[01;31m[KSendGoalOptions[m[K send_goal_options_;
[4.010s]       |                                                    [01;31m[K^~~~~~~~~~~~~~~[m[K
[4.010s]       |                                                                   [32m[K;[m[K
[4.015s] [01m[K/home/shimpei/ros-tcp-endpoint_ws/src/emcl2_ros2/include/emcl2/ExpResetMcl2.h:59:68:[m[K [01;31m[Kerror: [m[K‘[01m[Ksend_goal_options_[m[K’ does not name a type
[4.015s]    59 |         rclcpp_action::Client<WallTrackingAction>::SendGoalOptions [01;31m[Ksend_goal_options_[m[K;
[4.015s]       |                                                                    [01;31m[K^~~~~~~~~~~~~~~~~~[m[K
[4.028s] [01m[K/home/shimpei/ros-tcp-endpoint_ws/src/emcl2_ros2/include/emcl2/ExpResetMcl2.h:63:41:[m[K [01;31m[Kerror: [m[K‘[01m[KGoalHandleWallTracking[m[K’ does not name a type
[4.028s]    63 |         void goalResponseCallback(const [01;31m[KGoalHandleWallTracking[m[K::SharedPtr & goal_handle);
[4.029s]       |                                         [01;31m[K^~~~~~~~~~~~~~~~~~~~~~[m[K
[4.029s] [01m[K/home/shimpei/ros-tcp-endpoint_ws/src/emcl2_ros2/include/emcl2/ExpResetMcl2.h:63:75:[m[K [01;31m[Kerror: [m[Kexpected unqualified-id before ‘[01m[K&[m[K’ token
[4.029s]    63 |         void goalResponseCallback(const GoalHandleWallTracking::SharedPtr [01;31m[K&[m[K goal_handle);
[4.029s]       |                                                                           [01;31m[K^[m[K
[4.029s] [01m[K/home/shimpei/ros-tcp-endpoint_ws/src/emcl2_ros2/include/emcl2/ExpResetMcl2.h:63:74:[m[K [01;31m[Kerror: [m[Kexpected ‘[01m[K)[m[K’ before ‘[01m[K&[m[K’ token
[4.029s]    63 |         void goalResponseCallback[34m[K([m[Kconst GoalHandleWallTracking::SharedPtr[01;31m[K [m[K[32m[K&[m[K goal_handle);
[4.029s]       |                                  [34m[K~[m[K                                       [01;31m[K^[m[K[32m[K~[m[K
[4.030s]       |                                                                          [32m[K)[m[K
[4.030s] [01m[K/home/shimpei/ros-tcp-endpoint_ws/src/emcl2_ros2/include/emcl2/ExpResetMcl2.h:63:75:[m[K [01;31m[Kerror: [m[Kexpected ‘[01m[K;[m[K’ at end of member declaration
[4.030s]    63 |         void goalResponseCallback(const GoalHandleWallTracking::SharedPtr [01;31m[K&[m[K goal_handle);
[4.030s]       |                                                                           [01;31m[K^[m[K
[4.030s]       |                                                                            [32m[K;[m[K
[4.032s] [01m[K/home/shimpei/ros-tcp-endpoint_ws/src/emcl2_ros2/include/emcl2/ExpResetMcl2.h:63:77:[m[K [01;31m[Kerror: [m[K‘[01m[Kgoal_handle[m[K’ does not name a type
[4.033s]    63 |         void goalResponseCallback(const GoalHandleWallTracking::SharedPtr & [01;31m[Kgoal_handle[m[K);
[4.033s]       |                                                                             [01;31m[K^~~~~~~~~~~[m[K
[4.033s] [01m[K/home/shimpei/ros-tcp-endpoint_ws/src/emcl2_ros2/include/emcl2/ExpResetMcl2.h:65:35:[m[K [01;31m[Kerror: [m[K‘[01m[KGoalHandleWallTracking[m[K’ has not been declared
[4.033s]    65 |         [[maybe_unused]] typename [01;31m[KGoalHandleWallTracking[m[K::SharedPtr,
[4.033s]       |                                   [01;31m[K^~~~~~~~~~~~~~~~~~~~~~[m[K
[4.033s] [01m[K/home/shimpei/ros-tcp-endpoint_ws/src/emcl2_ros2/include/emcl2/ExpResetMcl2.h:66:91:[m[K [01;31m[Kerror: [m[Ktemplate argument 1 is invalid
[4.033s]    66 |         [[maybe_unused]] const std::shared_ptr<const typename WallTrackingAction::Feedback[01;31m[K>[m[K feedback);
[4.034s]       |                                                                                           [01;31m[K^[m[K
[4.034s] [01m[K/home/shimpei/ros-tcp-endpoint_ws/src/emcl2_ros2/include/emcl2/ExpResetMcl2.h:66:91:[m[K [01;31m[Kerror: [m[Ktemplate argument 1 is invalid
[4.034s] [01m[K/home/shimpei/ros-tcp-endpoint_ws/src/emcl2_ros2/include/emcl2/ExpResetMcl2.h:66:91:[m[K [01;31m[Kerror: [m[Ktemplate argument 1 is invalid
[4.034s] [01m[K/home/shimpei/ros-tcp-endpoint_ws/src/emcl2_ros2/include/emcl2/ExpResetMcl2.h:66:32:[m[K [01;31m[Kerror: [m[Kinvalid template-id
[4.034s]    66 |         [[maybe_unused]] const [01;31m[Kstd[m[K::shared_ptr<const typename WallTrackingAction::Feedback> feedback);
[4.034s]       |                                [01;31m[K^~~[m[K
[4.034s] [01m[K/home/shimpei/ros-tcp-endpoint_ws/src/emcl2_ros2/include/emcl2/ExpResetMcl2.h:66:48:[m[K [01;31m[Kerror: [m[Kexpected primary-expression before ‘[01m[Kconst[m[K’
[4.034s]    66 |         [[maybe_unused]] const std::shared_ptr<[01;31m[Kconst[m[K typename WallTrackingAction::Feedback> feedback);
[4.035s]       |                                                [01;31m[K^~~~~[m[K
[4.035s] [01m[K/home/shimpei/ros-tcp-endpoint_ws/src/emcl2_ros2/include/emcl2/ExpResetMcl2.h:66:48:[m[K [01;31m[Kerror: [m[Kexpected ‘[01m[K>[m[K’ before ‘[01m[Kconst[m[K’
[4.035s] [01m[K/home/shimpei/ros-tcp-endpoint_ws/src/emcl2_ros2/include/emcl2/ExpResetMcl2.h:66:26:[m[K [01;31m[Kerror: [m[Kclass template placeholder ‘[01m[Kstd::shared_ptr[m[K’ not permitted in this context
[4.035s]    66 |         [[maybe_unused]] [01;31m[Kconst[m[K std::shared_ptr<const typename WallTrackingAction::Feedback> feedback);
[4.035s]       |                          [01;31m[K^~~~~[m[K
[4.041s] [01m[K/home/shimpei/ros-tcp-endpoint_ws/src/emcl2_ros2/include/emcl2/ExpResetMcl2.h:67:31:[m[K [01;31m[Kerror: [m[K‘[01m[KGoalHandleWallTracking[m[K’ does not name a type
[4.041s]    67 |     void resultCallback(const [01;31m[KGoalHandleWallTracking[m[K::WrappedResult & result);
[4.041s]       |                               [01;31m[K^~~~~~~~~~~~~~~~~~~~~~[m[K
[4.042s] [01m[K/home/shimpei/ros-tcp-endpoint_ws/src/emcl2_ros2/include/emcl2/ExpResetMcl2.h:67:69:[m[K [01;31m[Kerror: [m[Kexpected unqualified-id before ‘[01m[K&[m[K’ token
[4.042s]    67 |     void resultCallback(const GoalHandleWallTracking::WrappedResult [01;31m[K&[m[K result);
[4.042s]       |                                                                     [01;31m[K^[m[K
[4.042s] [01m[K/home/shimpei/ros-tcp-endpoint_ws/src/emcl2_ros2/include/emcl2/ExpResetMcl2.h:67:68:[m[K [01;31m[Kerror: [m[Kexpected ‘[01m[K)[m[K’ before ‘[01m[K&[m[K’ token
[4.042s]    67 |     void resultCallback[34m[K([m[Kconst GoalHandleWallTracking::WrappedResult[01;31m[K [m[K[32m[K&[m[K result);
[4.042s]       |                        [34m[K~[m[K                                           [01;31m[K^[m[K[32m[K~[m[K
[4.042s]       |                                                                    [32m[K)[m[K
[4.043s] [01m[K/home/shimpei/ros-tcp-endpoint_ws/src/emcl2_ros2/include/emcl2/ExpResetMcl2.h:67:69:[m[K [01;31m[Kerror: [m[Kexpected ‘[01m[K;[m[K’ at end of member declaration
[4.043s]    67 |     void resultCallback(const GoalHandleWallTracking::WrappedResult [01;31m[K&[m[K result);
[4.043s]       |                                                                     [01;31m[K^[m[K
[4.043s]       |                                                                      [32m[K;[m[K
[4.045s] [01m[K/home/shimpei/ros-tcp-endpoint_ws/src/emcl2_ros2/include/emcl2/ExpResetMcl2.h:67:71:[m[K [01;31m[Kerror: [m[K‘[01m[Kresult[m[K’ does not name a type
[4.046s]    67 |     void resultCallback(const GoalHandleWallTracking::WrappedResult & [01;31m[Kresult[m[K);
[4.046s]       |                                                                       [01;31m[K^~~~~~[m[K
[5.978s] [01m[K/home/shimpei/ros-tcp-endpoint_ws/src/emcl2_ros2/src/ExpResetMcl2.cpp:24:25:[m[K [01;31m[Kerror: [m[K‘[01m[KWallTrackingAction[m[K’ was not declared in this scope
[5.978s]    24 |   rclcpp_action::Client<[01;31m[KWallTrackingAction[m[K>::SharedPtr wt_client,
[5.978s]       |                         [01;31m[K^~~~~~~~~~~~~~~~~~[m[K
[5.978s] [01m[K/home/shimpei/ros-tcp-endpoint_ws/src/emcl2_ros2/src/ExpResetMcl2.cpp:24:43:[m[K [01;31m[Kerror: [m[Ktemplate argument 1 is invalid
[5.978s]    24 |   rclcpp_action::Client<WallTrackingAction[01;31m[K>[m[K::SharedPtr wt_client,
[5.978s]       |                                           [01;31m[K^[m[K
[5.979s] [01m[K/home/shimpei/ros-tcp-endpoint_ws/src/emcl2_ros2/src/ExpResetMcl2.cpp:24:56:[m[K [01;31m[Kerror: [m[Kexpected ‘[01m[K,[m[K’ or ‘[01m[K...[m[K’ before ‘[01m[Kwt_client[m[K’
[5.979s]    24 |   rclcpp_action::Client<WallTrackingAction>::SharedPtr [01;31m[Kwt_client[m[K,
[5.979s]       |                                                        [01;31m[K^~~~~~~~~[m[K
[5.979s] [01m[K/home/shimpei/ros-tcp-endpoint_ws/src/emcl2_ros2/src/ExpResetMcl2.cpp:[m[K In constructor ‘[01m[Kemcl2::ExpResetMcl2::ExpResetMcl2(const emcl2::Pose&, int, const emcl2::Scan&, const std::shared_ptr<emcl2::OdomModel>&, const std::shared_ptr<emcl2::LikelihoodFieldMap>&, double, double, double, double, double, bool, const emcl2::GnssUtil&, bool, bool, double, double, double, int)[m[K’:
[5.979s] [01m[K/home/shimpei/ros-tcp-endpoint_ws/src/emcl2_ros2/src/ExpResetMcl2.cpp:38:3:[m[K [01;31m[Kerror: [m[Kclass ‘[01m[Kemcl2::ExpResetMcl2[m[K’ does not have any field named ‘[01m[Kwt_client_[m[K’
[5.979s]    38 |   [01;31m[Kwt_client_[m[K(wt_client),
[5.979s]       |   [01;31m[K^~~~~~~~~~[m[K
[5.989s] [01m[K/home/shimpei/ros-tcp-endpoint_ws/src/emcl2_ros2/src/ExpResetMcl2.cpp:38:14:[m[K [01;31m[Kerror: [m[K‘[01m[Kwt_client[m[K’ was not declared in this scope
[5.989s]    38 |   wt_client_([01;31m[Kwt_client[m[K),
[5.989s]       |              [01;31m[K^~~~~~~~~[m[K
[5.997s] [01m[K/home/shimpei/ros-tcp-endpoint_ws/src/emcl2_ros2/src/ExpResetMcl2.cpp:39:28:[m[K [01;31m[Kerror: [m[K‘[01m[Klast_reset_gnss_pos_pub[m[K’ was not declared in this scope; did you mean ‘[01m[Klast_reset_gnss_pos_pub_[m[K’?
[5.997s]    39 |   last_reset_gnss_pos_pub_([01;31m[Klast_reset_gnss_pos_pub[m[K),
[5.997s]       |                            [01;31m[K^~~~~~~~~~~~~~~~~~~~~~~[m[K
[5.998s]       |                            [32m[Klast_reset_gnss_pos_pub_[m[K
[6.011s] [01m[K/home/shimpei/ros-tcp-endpoint_ws/src/emcl2_ros2/src/ExpResetMcl2.cpp:46:9:[m[K [01;31m[Kerror: [m[K‘[01m[Ksend_goal_options_[m[K’ was not declared in this scope; did you mean ‘[01m[KSendGoalOptions[m[K’?
[6.011s]    46 |         [01;31m[Ksend_goal_options_[m[K = rclcpp_action::Client<WallTrackingAction>::SendGoalOptions();
[6.011s]       |         [01;31m[K^~~~~~~~~~~~~~~~~~[m[K
[6.012s]       |         [32m[KSendGoalOptions[m[K
[6.030s] [01m[K/home/shimpei/ros-tcp-endpoint_ws/src/emcl2_ros2/src/ExpResetMcl2.cpp:46:52:[m[K [01;31m[Kerror: [m[K‘[01m[KWallTrackingAction[m[K’ was not declared in this scope
[6.030s]    46 |         send_goal_options_ = rclcpp_action::Client<[01;31m[KWallTrackingAction[m[K>::SendGoalOptions();
[6.030s]       |                                                    [01;31m[K^~~~~~~~~~~~~~~~~~[m[K
[6.030s] [01m[K/home/shimpei/ros-tcp-endpoint_ws/src/emcl2_ros2/src/ExpResetMcl2.cpp:46:70:[m[K [01;31m[Kerror: [m[Ktemplate argument 1 is invalid
[6.030s]    46 |         send_goal_options_ = rclcpp_action::Client<WallTrackingAction[01;31m[K>[m[K::SendGoalOptions();
[6.031s]       |                                                                      [01;31m[K^[m[K
[6.047s] [01m[K/home/shimpei/ros-tcp-endpoint_ws/src/emcl2_ros2/src/ExpResetMcl2.cpp:24:46:[m[K [01;35m[Kwarning: [m[Kunused parameter ‘[01m[KSharedPtr[m[K’ [[01;35m[K]8;;https://gcc.gnu.org/onlinedocs/gcc/Warning-Options.html#index-Wunused-parameter-Wunused-parameter]8;;[m[K]
[6.047s]    24 |   [01;35m[Krclcpp_action::Client<WallTrackingAction>::SharedPtr[m[K wt_client,
[6.047s]       |   [01;35m[K~~~~~~~~~~~~~~~~~~~~~~~~~~~~~~~~~~~~~~~~~~~^~~~~~~~~[m[K
[6.058s] [01m[K/home/shimpei/ros-tcp-endpoint_ws/src/emcl2_ros2/src/ExpResetMcl2.cpp:[m[K At global scope:
[6.058s] [01m[K/home/shimpei/ros-tcp-endpoint_ws/src/emcl2_ros2/src/ExpResetMcl2.cpp:56:47:[m[K [01;31m[Kerror: [m[K‘[01m[KGoalHandleWallTracking[m[K’ does not name a type
[6.058s]    56 | void ExpResetMcl2::goalResponseCallback(const [01;31m[KGoalHandleWallTracking[m[K::SharedPtr & goal_handle)
[6.058s]       |                                               [01;31m[K^~~~~~~~~~~~~~~~~~~~~~[m[K
[6.059s] [01m[K/home/shimpei/ros-tcp-endpoint_ws/src/emcl2_ros2/src/ExpResetMcl2.cpp:56:81:[m[K [01;31m[Kerror: [m[Kexpected unqualified-id before ‘[01m[K&[m[K’ token
[6.059s]    56 | void ExpResetMcl2::goalResponseCallback(const GoalHandleWallTracking::SharedPtr [01;31m[K&[m[K goal_handle)
[6.059s]       |                                                                                 [01;31m[K^[m[K
[6.059s] [01m[K/home/shimpei/ros-tcp-endpoint_ws/src/emcl2_ros2/src/ExpResetMcl2.cpp:56:80:[m[K [01;31m[Kerror: [m[Kexpected ‘[01m[K)[m[K’ before ‘[01m[K&[m[K’ token
[6.059s]    56 | void ExpResetMcl2::goalResponseCallback[34m[K([m[Kconst GoalHandleWallTracking::SharedPtr[01;31m[K [m[K[32m[K&[m[K goal_handle)
[6.059s]       |                                        [34m[K~[m[K                                       [01;31m[K^[m[K[32m[K~[m[K
[6.060s]       |                                                                                [32m[K)[m[K
[6.060s] [01m[K/home/shimpei/ros-tcp-endpoint_ws/src/emcl2_ros2/src/ExpResetMcl2.cpp:56:83:[m[K [01;31m[Kerror: [m[Kexpected initializer before ‘[01m[Kgoal_handle[m[K’
[6.060s]    56 | void ExpResetMcl2::goalResponseCallback(const GoalHandleWallTracking::SharedPtr & [01;31m[Kgoal_handle[m[K)
[6.060s]       |                                                                                   [01;31m[K^~~~~~~~~~~[m[K
[6.060s] [01m[K/home/shimpei/ros-tcp-endpoint_ws/src/emcl2_ros2/src/ExpResetMcl2.cpp:64:6:[m[K [01;31m[Kerror: [m[Kvariable or field ‘[01m[KfeedbackCallback[m[K’ declared void
[6.060s]    64 | void [01;31m[KExpResetMcl2[m[K::feedbackCallback(
[6.061s]       |      [01;31m[K^~~~~~~~~~~~[m[K
[6.061s] [01m[K/home/shimpei/ros-tcp-endpoint_ws/src/emcl2_ros2/src/ExpResetMcl2.cpp:65:10:[m[K [01;31m[Kerror: [m[Kexpected identifier before ‘[01m[K[[m[K’ token
[6.061s]    65 |         [[01;31m[K[[m[Kmaybe_unused]] typename GoalHandleWallTracking::SharedPtr,
[6.061s]       |          [01;31m[K^[m[K
[6.061s] [01m[K/home/shimpei/ros-tcp-endpoint_ws/src/emcl2_ros2/src/ExpResetMcl2.cpp:65:35:[m[K [01;31m[Kerror: [m[K‘[01m[KGoalHandleWallTracking[m[K’ has not been declared
[6.061s]    65 |         [[maybe_unused]] typename [01;31m[KGoalHandleWallTracking[m[K::SharedPtr,
[6.061s]       |                                   [01;31m[K^~~~~~~~~~~~~~~~~~~~~~[m[K
[6.062s] [01m[K/home/shimpei/ros-tcp-endpoint_ws/src/emcl2_ros2/src/ExpResetMcl2.cpp:65:26:[m[K [01;31m[Kerror: [m[Ktype-specifier invalid in lambda
[6.062s]    65 |         [[maybe_unused]] [01;31m[Ktypename[m[K GoalHandleWallTracking::SharedPtr,
[6.062s]       |                          [01;31m[K^~~~~~~~[m[K
[6.062s] [01m[K/home/shimpei/ros-tcp-endpoint_ws/src/emcl2_ros2/src/ExpResetMcl2.cpp:65:26:[m[K [01;35m[Kwarning: [m[Kparameter declaration before lambda declaration specifiers only optional with ‘[01m[K-std=c++2b[m[K’ or ‘[01m[K-std=gnu++2b[m[K’
[6.062s] [01m[K/home/shimpei/ros-tcp-endpoint_ws/src/emcl2_ros2/src/ExpResetMcl2.cpp:[m[K In lambda function:
[6.062s] [01m[K/home/shimpei/ros-tcp-endpoint_ws/src/emcl2_ros2/src/ExpResetMcl2.cpp:65:68:[m[K [01;31m[Kerror: [m[Kexpected ‘[01m[K{[m[K’ before ‘[01m[K,[m[K’ token
[6.063s]    65 |         [[maybe_unused]] typename GoalHandleWallTracking::SharedPtr[01;31m[K,[m[K
[6.063s]       |                                                                    [01;31m[K^[m[K
[6.063s] [01m[K/home/shimpei/ros-tcp-endpoint_ws/src/emcl2_ros2/src/ExpResetMcl2.cpp:[m[K At global scope:
[6.063s] [01m[K/home/shimpei/ros-tcp-endpoint_ws/src/emcl2_ros2/src/ExpResetMcl2.cpp:66:10:[m[K [01;31m[Kerror: [m[Kexpected identifier before ‘[01m[K[[m[K’ token
[6.063s]    66 |         [[01;31m[K[[m[Kmaybe_unused]] const std::shared_ptr<const typename WallTrackingAction::Feedback> feedback)
[6.063s]       |          [01;31m[K^[m[K
[6.063s] [01m[K/home/shimpei/ros-tcp-endpoint_ws/src/emcl2_ros2/src/ExpResetMcl2.cpp:[m[K In lambda function:
[6.064s] [01m[K/home/shimpei/ros-tcp-endpoint_ws/src/emcl2_ros2/src/ExpResetMcl2.cpp:66:26:[m[K [01;31m[Kerror: [m[Kexpected ‘[01m[K{[m[K’ before ‘[01m[Kconst[m[K’
[6.064s]    66 |         [[maybe_unused]] [01;31m[Kconst[m[K std::shared_ptr<const typename WallTrackingAction::Feedback> feedback)
[6.064s]       |                          [01;31m[K^~~~~[m[K
[6.064s] [01m[K/home/shimpei/ros-tcp-endpoint_ws/src/emcl2_ros2/src/ExpResetMcl2.cpp:[m[K At global scope:
[6.064s] [01m[K/home/shimpei/ros-tcp-endpoint_ws/src/emcl2_ros2/src/ExpResetMcl2.cpp:66:25:[m[K [01;31m[Kerror: [m[Kexpected ‘[01m[K)[m[K’ before ‘[01m[Kconst[m[K’
[6.064s]    66 |         [[maybe_unused]][01;31m[K [m[K[32m[Kconst[m[K std::shared_ptr<const typename WallTrackingAction::Feedback> feedback)
[6.064s]       |                         [01;31m[K^[m[K[32m[K~~~~~[m[K
[6.065s]       |                         [32m[K)[m[K
[6.065s] [01m[K/home/shimpei/ros-tcp-endpoint_ws/src/emcl2_ros2/src/ExpResetMcl2.cpp:64:36:[m[K [01;36m[Knote: [m[Kto match this ‘[01m[K([m[K’
[6.065s]    64 | void ExpResetMcl2::feedbackCallback[01;36m[K([m[K
[6.065s]       |                                    [01;36m[K^[m[K
[6.067s] [01m[K/home/shimpei/ros-tcp-endpoint_ws/src/emcl2_ros2/src/ExpResetMcl2.cpp:84:41:[m[K [01;31m[Kerror: [m[K‘[01m[KGoalHandleWallTracking[m[K’ does not name a type
[6.067s]    84 | void ExpResetMcl2::resultCallback(const [01;31m[KGoalHandleWallTracking[m[K::WrappedResult & result)
[6.067s]       |                                         [01;31m[K^~~~~~~~~~~~~~~~~~~~~~[m[K
[6.067s] [01m[K/home/shimpei/ros-tcp-endpoint_ws/src/emcl2_ros2/src/ExpResetMcl2.cpp:84:79:[m[K [01;31m[Kerror: [m[Kexpected unqualified-id before ‘[01m[K&[m[K’ token
[6.068s]    84 | void ExpResetMcl2::resultCallback(const GoalHandleWallTracking::WrappedResult [01;31m[K&[m[K result)
[6.068s]       |                                                                               [01;31m[K^[m[K
[6.068s] [01m[K/home/shimpei/ros-tcp-endpoint_ws/src/emcl2_ros2/src/ExpResetMcl2.cpp:84:78:[m[K [01;31m[Kerror: [m[Kexpected ‘[01m[K)[m[K’ before ‘[01m[K&[m[K’ token
[6.068s]    84 | void ExpResetMcl2::resultCallback[34m[K([m[Kconst GoalHandleWallTracking::WrappedResult[01;31m[K [m[K[32m[K&[m[K result)
[6.068s]       |                                  [34m[K~[m[K                                           [01;31m[K^[m[K[32m[K~[m[K
[6.068s]       |                                                                              [32m[K)[m[K
[6.068s] [01m[K/home/shimpei/ros-tcp-endpoint_ws/src/emcl2_ros2/src/ExpResetMcl2.cpp:84:81:[m[K [01;31m[Kerror: [m[Kexpected initializer before ‘[01m[Kresult[m[K’
[6.069s]    84 | void ExpResetMcl2::resultCallback(const GoalHandleWallTracking::WrappedResult & [01;31m[Kresult[m[K)
[6.069s]       |                                                                                 [01;31m[K^~~~~~[m[K
[6.080s] [01m[K/home/shimpei/ros-tcp-endpoint_ws/src/emcl2_ros2/src/ExpResetMcl2.cpp:[m[K In member function ‘[01m[Kvoid emcl2::ExpResetMcl2::sendWTGoal()[m[K’:
[6.080s] [01m[K/home/shimpei/ros-tcp-endpoint_ws/src/emcl2_ros2/src/ExpResetMcl2.cpp:199:13:[m[K [01;31m[Kerror: [m[K‘[01m[Kwt_client_[m[K’ was not declared in this scope; did you mean ‘[01m[Krmw_client_t[m[K’?
[6.080s]   199 |         if(![01;31m[Kwt_client_[m[K->wait_for_action_server()){
[6.080s]       |             [01;31m[K^~~~~~~~~~[m[K
[6.081s]       |             [32m[Krmw_client_t[m[K
[6.081s] [01m[K/home/shimpei/ros-tcp-endpoint_ws/src/emcl2_ros2/src/ExpResetMcl2.cpp:203:25:[m[K [01;31m[Kerror: [m[K‘[01m[KWallTrackingAction[m[K’ has not been declared
[6.081s]   203 |         auto goal_msg = [01;31m[KWallTrackingAction[m[K::Goal();
[6.081s]       |                         [01;31m[K^~~~~~~~~~~~~~~~~~[m[K
[6.091s] [01m[K/home/shimpei/ros-tcp-endpoint_ws/src/emcl2_ros2/src/ExpResetMcl2.cpp:205:9:[m[K [01;31m[Kerror: [m[K‘[01m[Kwt_client_[m[K’ was not declared in this scope; did you mean ‘[01m[Krmw_client_t[m[K’?
[6.092s]   205 |         [01;31m[Kwt_client_[m[K->async_send_goal(goal_msg, send_goal_options_);
[6.092s]       |         [01;31m[K^~~~~~~~~~[m[K
[6.092s]       |         [32m[Krmw_client_t[m[K
[6.105s] [01m[K/home/shimpei/ros-tcp-endpoint_ws/src/emcl2_ros2/src/ExpResetMcl2.cpp:205:47:[m[K [01;31m[Kerror: [m[K‘[01m[Ksend_goal_options_[m[K’ was not declared in this scope; did you mean ‘[01m[KSendGoalOptions[m[K’?
[6.105s]   205 |         wt_client_->async_send_goal(goal_msg, [01;31m[Ksend_goal_options_[m[K);
[6.105s]       |                                               [01;31m[K^~~~~~~~~~~~~~~~~~[m[K
[6.105s]       |                                               [32m[KSendGoalOptions[m[K
[6.633s] [01m[K/home/shimpei/ros-tcp-endpoint_ws/src/emcl2_ros2/src/emcl2_node.cpp:[m[K In member function ‘[01m[Kvoid emcl2::EMcl2Node::initPF()[m[K’:
[6.633s] [01m[K/home/shimpei/ros-tcp-endpoint_ws/src/emcl2_ros2/src/emcl2_node.cpp:152:27:[m[K [01;31m[Kerror: [m[K‘[01m[KWallTrackingAction[m[K’ was not declared in this scope
[6.633s]   152 |     rclcpp_action::Client<[01;31m[KWallTrackingAction[m[K>::SharedPtr client_ptr;
[6.633s]       |                           [01;31m[K^~~~~~~~~~~~~~~~~~[m[K
[6.633s] [01m[K/home/shimpei/ros-tcp-endpoint_ws/src/emcl2_ros2/src/emcl2_node.cpp:152:45:[m[K [01;31m[Kerror: [m[Ktemplate argument 1 is invalid
[6.633s]   152 |     rclcpp_action::Client<WallTrackingAction[01;31m[K>[m[K::SharedPtr client_ptr;
[6.634s]       |                                             [01;31m[K^[m[K
[6.634s] [01m[K/home/shimpei/ros-tcp-endpoint_ws/src/emcl2_ros2/src/emcl2_node.cpp:152:58:[m[K [01;31m[Kerror: [m[Kexpected initializer before ‘[01m[Kclient_ptr[m[K’
[6.634s]   152 |     rclcpp_action::Client<WallTrackingAction>::SharedPtr [01;31m[Kclient_ptr[m[K;
[6.634s]       |                                                          [01;31m[K^~~~~~~~~~[m[K
[6.648s] [01m[K/home/shimpei/ros-tcp-endpoint_ws/src/emcl2_ros2/src/emcl2_node.cpp:153:5:[m[K [01;31m[Kerror: [m[K‘[01m[Kclient_ptr[m[K’ was not declared in this scope
[6.648s]   153 |     [01;31m[Kclient_ptr[m[K = rclcpp_action::create_client<WallTrackingAction>(this, "wall_tracking");
[6.649s]       |     [01;31m[K^~~~~~~~~~[m[K
[6.649s] [01m[K/home/shimpei/ros-tcp-endpoint_ws/src/emcl2_ros2/src/emcl2_node.cpp:153:66:[m[K [01;31m[Kerror: [m[Kno matching function for call to ‘[01m[Kcreate_client<WallTrackingAction>(emcl2::EMcl2Node*, const char [14])[m[K’
[6.649s]   153 |     client_ptr = [01;31m[Krclcpp_action::create_client<WallTrackingAction>(this, "wall_tracking")[m[K;
[6.649s]       |                  [01;31m[K~~~~~~~~~~~~~~~~~~~~~~~~~~~~~~~~~~~~~~~~~~~~~~~~^~~~~~~~~~~~~~~~~~~~~~~[m[K
[6.649s] In file included from [01m[K/opt/ros/humble/include/rclcpp_action/rclcpp_action/rclcpp_action.hpp:38[m[K,
[6.649s]                  from [01m[K/home/shimpei/ros-tcp-endpoint_ws/src/emcl2_ros2/include/emcl2/ExpResetMcl2.h:12[m[K,
[6.650s]                  from [01m[K/home/shimpei/ros-tcp-endpoint_ws/src/emcl2_ros2/include/emcl2/emcl2_node.h:8[m[K,
[6.650s]                  from [01m[K/home/shimpei/ros-tcp-endpoint_ws/src/emcl2_ros2/src/emcl2_node.cpp:5[m[K:
[6.650s] [01m[K/opt/ros/humble/include/rclcpp_action/rclcpp_action/create_client.hpp:44:1:[m[K [01;36m[Knote: [m[Kcandidate: ‘[01m[Ktemplate<class ActionT> typename rclcpp_action::Client<ActionT>::SharedPtr rclcpp_action::create_client(rclcpp::node_interfaces::NodeBaseInterface::SharedPtr, rclcpp::node_interfaces::NodeGraphInterface::SharedPtr, rclcpp::node_interfaces::NodeLoggingInterface::SharedPtr, rclcpp::node_interfaces::NodeWaitablesInterface::SharedPtr, const string&, rclcpp::CallbackGroup::SharedPtr, const rcl_action_client_options_t&)[m[K’
[6.650s]    44 | [01;36m[Kcreate_client[m[K(
[6.650s]       | [01;36m[K^~~~~~~~~~~~~[m[K
[6.650s] [01m[K/opt/ros/humble/include/rclcpp_action/rclcpp_action/create_client.hpp:44:1:[m[K [01;36m[Knote: [m[K  template argument deduction/substitution failed:
[6.650s] [01m[K/opt/ros/humble/include/rclcpp_action/rclcpp_action/create_client.hpp:105:1:[m[K [01;36m[Knote: [m[Kcandidate: ‘[01m[Ktemplate<class ActionT, class NodeT> typename rclcpp_action::Client<ActionT>::SharedPtr rclcpp_action::create_client(NodeT, const string&, rclcpp::CallbackGroup::SharedPtr, const rcl_action_client_options_t&)[m[K’
[6.651s]   105 | [01;36m[Kcreate_client[m[K(
[6.651s]       | [01;36m[K^~~~~~~~~~~~~[m[K
[6.651s] [01m[K/opt/ros/humble/include/rclcpp_action/rclcpp_action/create_client.hpp:105:1:[m[K [01;36m[Knote: [m[K  template argument deduction/substitution failed:
[6.936s] gmake[2]: *** [CMakeFiles/emcl2_node.dir/build.make:90: CMakeFiles/emcl2_node.dir/src/ExpResetMcl2.cpp.o] エラー 1
[6.937s] gmake[2]: *** 未完了のジョブを待っています....
[13.651s] gmake[2]: *** [CMakeFiles/emcl2_node.dir/build.make:174: CMakeFiles/emcl2_node.dir/src/emcl2_node.cpp.o] エラー 1
[13.652s] gmake[1]: *** [CMakeFiles/Makefile2:137: CMakeFiles/emcl2_node.dir/all] エラー 2
[13.652s] gmake: *** [Makefile:146: all] エラー 2
[13.655s] Invoked command in '/home/shimpei/ros-tcp-endpoint_ws/src/emcl2_ros2/build/emcl2' returned '2': CMAKE_PREFIX_PATH=${CMAKE_PREFIX_PATH}:/opt/ros/humble /usr/bin/cmake --build /home/shimpei/ros-tcp-endpoint_ws/src/emcl2_ros2/build/emcl2 -- -j8 -l8
